BL51 BANKED LINKER/LOCATER V6.22.2.0                                                    07/15/2022  09:34:05  PAGE 1


BL51 BANKED LINKER/LOCATER V6.22.2.0, INVOKED BY:
C:\KEIL_V5\C51\BIN\BL51.EXE .\Output\common.obj, .\Output\crt.obj, .\Output\flash.obj, .\Output\function_key.obj, .\Outp
>> ut\hal.obj, .\Output\main.obj, .\Output\ram.obj, .\Output\rom.obj, .\Output\special.obj, .\Output\sysclk.obj, .\Outpu
>> t\DATA.obj TO .\Output\demo PRINT (.\Listing\demo.m51) RAMSIZE (256)




PROGRAM RECURSIONS REMOVED FROM CALL TREE
=========================================
+--> ?CO?ROM
|  | ?PR?KEY_TVPOWER?FUNCTION_KEY
|  | ?PR?OTHER_TV_KEYS_COMMON?FUNCTION_KEY
|  | ?PR?_BATCH_SS_LG_COMMON?FUNCTION_KEY
|  | ?PR?_PULSEOUT_NFRAME?FUNCTION_KEY
|  | ?PR?MY_SUB?COMMON
|  | ?PR?SEND_UR_READY?COMMON
|  | ?PR?_LOADCUSTDATAWITHFORMAT?COMMON
<--+ ?PR?GET_MAP_POINTER?COMMON


+--> ?CO?ROM
|  | ?PR?KEY_TVPOWER?FUNCTION_KEY
|  | ?PR?OTHER_TV_KEYS_COMMON?FUNCTION_KEY
|  | ?PR?_BATCH_SS_LG_COMMON?FUNCTION_KEY
|  | ?PR?_PULSEOUT_NFRAME?FUNCTION_KEY
|  | ?PR?MY_SUB?COMMON
|  | ?PR?SEND_UR_READY?COMMON
<--+ ?PR?_LOADCUSTDATAWITHFORMAT?COMMON


+--> ?CO?ROM
|  | ?PR?KEY_TVPOWER?FUNCTION_KEY
|  | ?PR?OTHER_TV_KEYS_COMMON?FUNCTION_KEY
|  | ?PR?_BATCH_SS_LG_COMMON?FUNCTION_KEY
|  | ?PR?_PULSEOUT_NFRAME?FUNCTION_KEY
|  | ?PR?MY_SUB?COMMON
<--+ ?PR?SEND_UR_READY?COMMON


+--> ?PR?_GETKEY?COMMON
|  | ?PR?_CODECVT?COMMON
|  | ?CO?ROM
|  | ?PR?KEY_TVPOWER?FUNCTION_KEY
|  | ?PR?OTHER_TV_KEYS_COMMON?FUNCTION_KEY
<--+ ?PR?GETSAMEKEY_WAIT?FUNCTION_KEY


+--> ?PR?_GETKEY?COMMON
|  | ?PR?_CODECVT?COMMON
|  | ?CO?ROM
|  | ?PR?KEY_ALLPOWER?FUNCTION_KEY
<--+ ?PR?_PULSEOUT_ABOVE_NFRAME?FUNCTION_KEY



MEMORY MODEL: SMALL

BL51 BANKED LINKER/LOCATER V6.22.2.0                                                  07/15/2022  09:34:05  PAGE 2



INPUT MODULES INCLUDED:
  .\Output\common.obj (COMMON)
  .\Output\crt.obj (CRT)
  .\Output\flash.obj (FLASH)
  .\Output\function_key.obj (FUNCTION_KEY)
  .\Output\hal.obj (HAL)
  .\Output\main.obj (MAIN)
  .\Output\ram.obj (RAM)
  .\Output\rom.obj (ROM)
  .\Output\special.obj (SPECIAL)
  .\Output\sysclk.obj (SYSCLK)
  .\Output\DATA.obj (DATA)
  C:\KEIL_V5\C51\LIB\C51S.LIB (?C_STARTUP)
  C:\KEIL_V5\C51\LIB\C51S.LIB (?C?CLDPTR)
  C:\KEIL_V5\C51\LIB\C51S.LIB (?C?CLDOPTR)
  C:\KEIL_V5\C51\LIB\C51S.LIB (?C?CSTPTR)
  C:\KEIL_V5\C51\LIB\C51S.LIB (?C?CSTOPTR)
  C:\KEIL_V5\C51\LIB\C51S.LIB (?C?IMUL)
  C:\KEIL_V5\C51\LIB\C51S.LIB (?C?UIDIV)
  C:\KEIL_V5\C51\LIB\C51S.LIB (?C?SIDIV)
  C:\KEIL_V5\C51\LIB\C51S.LIB (?C?IILDX)
  C:\KEIL_V5\C51\LIB\C51S.LIB (?C?ILDPTR)
  C:\KEIL_V5\C51\LIB\C51S.LIB (?C?IILDPTR)
  C:\KEIL_V5\C51\LIB\C51S.LIB (?C?ISTPTR)
  C:\KEIL_V5\C51\LIB\C51S.LIB (?C?LMUL)
  C:\KEIL_V5\C51\LIB\C51S.LIB (?C?ULDIV)
  C:\KEIL_V5\C51\LIB\C51S.LIB (?C?ULCMP)
  C:\KEIL_V5\C51\LIB\C51S.LIB (?C?ULSHR)
  C:\KEIL_V5\C51\LIB\C51S.LIB (?C?LSHL)
  C:\KEIL_V5\C51\LIB\C51S.LIB (?C?LLDPTR)
  C:\KEIL_V5\C51\LIB\C51S.LIB (?C?LSTPTR)
  C:\KEIL_V5\C51\LIB\C51S.LIB (?C?LSTXDATA)
  C:\KEIL_V5\C51\LIB\C51S.LIB (?C?LCASE)
  C:\KEIL_V5\C51\LIB\C51S.LIB (?C?ICALL)
  C:\KEIL_V5\C51\LIB\C51S.LIB (?C_INIT)
  C:\KEIL_V5\C51\LIB\C51S.LIB (?C?LLDIDATA)
  C:\KEIL_V5\C51\LIB\C51S.LIB (?C?LLDXDATA)
  C:\KEIL_V5\C51\LIB\C51S.LIB (?C?LLDPDATA)
  C:\KEIL_V5\C51\LIB\C51S.LIB (?C?LLDCODE)
  C:\KEIL_V5\C51\LIB\C51S.LIB (?C?LSTIDATA)
  C:\KEIL_V5\C51\LIB\C51S.LIB (?C?LSTPDATA)


LINK MAP OF MODULE:  .\Output\demo (COMMON)


            TYPE    BASE      LENGTH    RELOCATION   SEGMENT NAME
            -----------------------------------------------------

            * * * * * * *   D A T A   M E M O R Y   * * * * * * *
            REG     0000H     0008H     ABSOLUTE     "REG BANK 0"
            REG     0008H     0008H     ABSOLUTE     "REG BANK 1"
            DATA    0010H     0002H     UNIT         ?DT?FUNCTION_KEY
                    0012H     000EH                  *** GAP ***
            BIT     0020H.0   0000H.2   UNIT         _BIT_GROUP_
                    0020H.2   0000H.6                *** GAP ***
BL51 BANKED LINKER/LOCATER V6.22.2.0                                                  07/15/2022  09:34:05  PAGE 3


            DATA    0021H     003DH     UNIT         _DATA_GROUP_
            IDATA   005EH     0033H     UNIT         ?ID?RAM
            IDATA   0091H     0001H     UNIT         ?STACK

            * * * * * * *  X D A T A   M E M O R Y  * * * * * * *
            XDATA   0000H     02FFH     UNIT         ?XD?RAM

            * * * * * * *   C O D E   M E M O R Y   * * * * * * *
            CODE    0000H     0003H     ABSOLUTE     
            CODE    0003H     0003H     ABSOLUTE     
            CODE    0006H     0005H     UNIT         ?PR?KEY_0?FUNCTION_KEY
            CODE    000BH     0003H     ABSOLUTE     
            CODE    000EH     0005H     UNIT         ?PR?KEY_1?FUNCTION_KEY
            CODE    0013H     0003H     ABSOLUTE     
            CODE    0016H     0005H     UNIT         ?PR?KEY_2?FUNCTION_KEY
            CODE    001BH     0003H     ABSOLUTE     
            CODE    001EH     0005H     UNIT         ?PR?KEY_3?FUNCTION_KEY
            CODE    0023H     0003H     ABSOLUTE     
            CODE    0026H     0005H     UNIT         ?PR?KEY_4?FUNCTION_KEY
            CODE    002BH     0003H     ABSOLUTE     
            CODE    002EH     0005H     UNIT         ?PR?KEY_5?FUNCTION_KEY
            CODE    0033H     0003H     ABSOLUTE     
            CODE    0036H     0005H     UNIT         ?PR?KEY_6?FUNCTION_KEY
            CODE    003BH     0003H     ABSOLUTE     
            CODE    003EH     000DH     UNIT         ?PR?_CRT_ONOFF?CRT
            CODE    004BH     0003H     ABSOLUTE     
            CODE    004EH     000DH     UNIT         ?PR?_CRT_MODESEL?CRT
            CODE    005BH     0003H     ABSOLUTE     
            CODE    005EH     0005H     UNIT         ?PR?KEY_7?FUNCTION_KEY
            CODE    0063H     0003H     ABSOLUTE     
            CODE    0066H     000DH     UNIT         ?PR?_CRT_INSEL?CRT
            CODE    0073H     0003H     ABSOLUTE     
            CODE    0076H     0005H     UNIT         ?PR?KEY_8?FUNCTION_KEY
            CODE    007BH     0003H     ABSOLUTE     
            CODE    007EH     0005H     UNIT         ?PR?KEY_9?FUNCTION_KEY
            CODE    0083H     0003H     ABSOLUTE     
            CODE    0086H     001DH     UNIT         ?PR?STB_IROUTCOMMON?FUNCTION_KEY
            CODE    00A3H     0003H     ABSOLUTE     
            CODE    00A6H     2088H     UNIT         CODE_SEG
            CODE    212EH     0CA4H     UNIT         ?PR?FUNC_SPECIAL_F0?SPECIAL
            CODE    2DD2H     054BH     UNIT         ?PR?TIMER2_INTERRUPT?MAIN
            CODE    331DH     0510H     UNIT         ?PR?FUNC_SPECIAL_F5?SPECIAL
            CODE    382DH     0486H     UNIT         ?PR?_FILLBITSTREAMFROMOUTORDER?COMMON
            CODE    3CB3H     03D7H     UNIT         ?PR?FUNC_SPECIAL_E5?SPECIAL
            CODE    408AH     03D5H     UNIT         ?C?LIB_CODE
            CODE    445FH     039FH     UNIT         ?PR?SEND_UR_READY?COMMON
            CODE    47FEH     035BH     UNIT         ?PR?_LOADCUSTDATAWITHFORMAT?COMMON
            CODE    4B59H     0335H     UNIT         ?PR?RSAPPMAIN?FUNCTION_KEY
            CODE    4E8EH     032EH     UNIT         ?PR?FUNC_SPECIAL_F4?SPECIAL
            CODE    51BCH     032AH     UNIT         ?PR?_LOADFORMAT?COMMON
            CODE    54E6H     01FBH     UNIT         ?PR?_AUTO_SEARCH_1?COMMON
            CODE    56E1H     016DH     UNIT         ?PR?FUNC_SPECIAL_F2?SPECIAL
            CODE    584EH     0169H     UNIT         ?PR?CARRIER_SET?COMMON
            CODE    59B7H     0156H     UNIT         ?PR?SEND_UR?COMMON
            CODE    5B0DH     0134H     UNIT         ?PR?_SETBITSTREAMFROMNIBBLE?COMMON
            CODE    5C41H     012FH     UNIT         ?PR?_GETKEY?COMMON
            CODE    5D70H     0127H     UNIT         ?PR?_DIGITKEYS_COMMON_SETMODE?FUNCTION_KEY
BL51 BANKED LINKER/LOCATER V6.22.2.0                                                  07/15/2022  09:34:05  PAGE 4


            CODE    5E97H     0126H     UNIT         ?CO?ROM
            CODE    5FBDH     010DH     UNIT         ?PR?OTHER_TV_KEYS_COMMON?FUNCTION_KEY
            CODE    60CAH     00F4H     UNIT         ?PR?CODE_READ_OUT?COMMON
            CODE    61BEH     00F0H     UNIT         ?PR?_NECDATAQUICKLYLOAD_FILLPATTERN?FUNCTION_KEY
            CODE    62AEH     00B9H     UNIT         ?PR?_FLASH_PAGE_WRITE?FLASH
            CODE    6367H     00B2H     UNIT         ?PR?_CHECK_KEY_INSETMODE?COMMON
            CODE    6419H     00B1H     UNIT         ?PR?PREV_SEARCHNO_FIND_INAUTOSEARCH?COMMON
            CODE    64CAH     00ADH     UNIT         ?PR?OTHER_KEYS_COMMON?FUNCTION_KEY
            CODE    6577H     00A5H     UNIT         ?PR?KEY_ALLPOWER?FUNCTION_KEY
            CODE    661CH     009AH     UNIT         ?PR?FACTORY_TEST_PROCESS?FUNCTION_KEY
            CODE    66B6H     0098H     UNIT         ?PR?_GET1CODEFROM3BUF?COMMON
            CODE    674EH     0095H     UNIT         ?PR?RESET_DEFINE?HAL
            CODE    67E3H     0093H     UNIT         ?PR?CALCULATEENVELOPE?COMMON
            CODE    6876H     008CH     UNIT         ?PR?_CONVERT_CD?COMMON
            CODE    6902H     008CH     UNIT         ?PR?SETTING_MODE?COMMON
            CODE    698EH     008CH     UNIT         ?C_C51STARTUP
            CODE    6A1AH     007FH     UNIT         ?PR?_BATCH_SS_LG_COMMON?FUNCTION_KEY
            CODE    6A99H     007FH     UNIT         ?PR?TIMER0_INTERRUPT?MAIN
            CODE    6B18H     007EH     UNIT         ?PR?AVSHIFTMODE_KEYS_COMMON?FUNCTION_KEY
            CODE    6B96H     007DH     UNIT         ?PR?RAM_CHECK?HAL
            CODE    6C13H     0073H     UNIT         ?PR?_FLASH_PAGE_ERASE?FLASH
            CODE    6C86H     006FH     UNIT         ?PR?_CODECVT?COMMON
            CODE    6CF5H     006DH     UNIT         ?PR?TIMER1_INTERRUPT?MAIN
            CODE    6D62H     006CH     UNIT         ?PR?_GETCODEADDRESS_SET?COMMON
            CODE    6DCEH     006CH     UNIT         ?PR?_IROUT_N?FUNCTION_KEY
            CODE    6E3AH     0068H     UNIT         ?PR?GET_MAP_POINTER?COMMON
            CODE    6EA2H     0066H     UNIT         ?PR?_CHECK_KEY_4KEYNOSTOP?FUNCTION_KEY
            CODE    6F08H     0062H     UNIT         ?PR?_DELAYBY10US?COMMON
            CODE    6F6AH     0061H     UNIT         ?PR?PULSE_STOP?COMMON
            CODE    6FCBH     0061H     UNIT         ?PR?_PULSEOUT_ABOVE_NFRAME?FUNCTION_KEY
            CODE    702CH     0061H     UNIT         ?PR?FUNCTIONKEYPROCESS?FUNCTION_KEY
            CODE    708DH     0060H     UNIT         ?PR?_PANASONIC_TV_CHECK?COMMON
            CODE    70EDH     0056H     UNIT         ?PR?STOP_DEFINE?HAL
            CODE    7143H     0053H     UNIT         ?PR?NEXT_SEARCHNO_FIND_INAUTOSEARCH?COMMON
            CODE    7196H     0053H     UNIT         ?PR?_CHECK_KEY_3KEYNOSTOP?FUNCTION_KEY
            CODE    71E9H     0053H     UNIT         ?PR?FUNCTION_SPECIAL_EXT_CALL?SPECIAL
            CODE    723CH     0053H     UNIT         ?PR?CLK_SEL?SYSCLK
            CODE    728FH     0051H     UNIT         ?PR?MY_SUB?COMMON
            CODE    72E0H     004FH     UNIT         ?PR?_DEVICE_LED_INSETUP?COMMON
            CODE    732FH     004DH     UNIT         ?PR?RSAPP_EXITTESTMODEFUNCTION?FUNCTION_KEY
            CODE    737CH     0046H     UNIT         ?PR?FACTORY_VERSION_REPORTING?FUNCTION_KEY
            CODE    73C2H     0044H     UNIT         ?PR?_FORMATNEXTADDRCAL?COMMON
            CODE    7406H     0043H     UNIT         ?PR?_LOW_VOLTAGE_CHECK?COMMON
            CODE    7449H     0040H     UNIT         ?PR?_CHECK_KEY_2KEYNOSTOP?FUNCTION_KEY
            CODE    7489H     003EH     UNIT         ?PR?_DEVICE_LED_BLINK_KEY_CHK?COMMON
            CODE    74C7H     003EH     UNIT         ?PR?AUTO_SEARCH_COMMON?FUNCTION_KEY
            CODE    7505H     003DH     UNIT         ?PR?KEY_INPUT?FUNCTION_KEY
            CODE    7542H     0039H     UNIT         ?PR?_CLK_DIV?SYSCLK
            CODE    757BH     0037H     UNIT         ?PR?_PULSEOUT_NFRAME?FUNCTION_KEY
            CODE    75B2H     0034H     UNIT         ?PR?_SETMODEIN_TIMECHECK?FUNCTION_KEY
            CODE    75E6H     0032H     UNIT         ?PR?_LOADSETNUMBER?COMMON
            CODE    7618H     0032H     UNIT         ?PR?CHKSUM_CAL?FUNCTION_KEY
            CODE    764AH     0031H     UNIT         ?PR?_READFROMFLASH?FLASH
            CODE    767BH     0030H     UNIT         ?PR?_DEVICE_LED_BLINK?COMMON
            CODE    76ABH     002FH     UNIT         ?PR?KEY_TVPOWER?FUNCTION_KEY
            CODE    76DAH     002EH     UNIT         ?PR?WBITSTREAM_CLEAR?COMMON
            CODE    7708H     002CH     UNIT         ?PR?INITPORT?HAL
BL51 BANKED LINKER/LOCATER V6.22.2.0                                                  07/15/2022  09:34:05  PAGE 5


            CODE    7734H     002AH     UNIT         ?PR?_T0_WAIT?COMMON
            CODE    775EH     0028H     UNIT         ?PR?KEY_OK?FUNCTION_KEY
            CODE    7786H     0026H     UNIT         ?PR?GETSAMEKEY_WAIT?FUNCTION_KEY
            CODE    77ACH     0026H     UNIT         ?PR?SYSTEMINIT?HAL
            CODE    77D2H     0026H     UNIT         ?PR?KEYSCAN_INTERRUPT_ON?HAL
            CODE    77F8H     0025H     UNIT         ?PR?_INFORMATION_RW?FLASH
            CODE    781DH     0025H     UNIT         ?PR?KEYSCAN_INTERRUPT_OFF?HAL
            CODE    7842H     0025H     UNIT         ?PR?TIMER2_START?HAL
            CODE    7867H     0024H     UNIT         ?PR?FACTORYDEFAULT?HAL
            CODE    788BH     0023H     UNIT         ?PR?_T0_WAIT_KEYIN_CHK?COMMON
            CODE    78AEH     0022H     UNIT         ?PR?_WRITETOFLASH?FLASH
            CODE    78D0H     001FH     UNIT         ?PR?_DEVICE_LED_ON?COMMON
            CODE    78EFH     001DH     UNIT         ?PR?KEY_TVVOLUP?FUNCTION_KEY
            CODE    790CH     001DH     UNIT         ?PR?KEY_TVVOLDOWN?FUNCTION_KEY
            CODE    7929H     001CH     UNIT         ?PR?KEY_BUF_OLD_CLEAR?COMMON
            CODE    7945H     001CH     UNIT         ?PR?CRT_INIT_IR?HAL
            CODE    7961H     001BH     UNIT         ?PR?GETKEY_SIMPLE?COMMON
            CODE    797CH     001BH     UNIT         ?PR?_DEVICE_LED_OFF?COMMON
            CODE    7997H     001BH     UNIT         ?PR?COMPLETE_URSETUP?FUNCTION_KEY
            CODE    79B2H     001BH     UNIT         ?PR?SPECTIAL_F0_HIGH_ENVELOP?MAIN
            CODE    79CDH     001AH     UNIT         ?PR?RSAPP_ENTERTESTMODEFUNCTION?FUNCTION_KEY
            CODE    79E7H     0018H     UNIT         ?PR?SAVE_TVPOWER?FUNCTION_KEY
            CODE    79FFH     0018H     UNIT         ?PR?SAVE_STBPOWER?FUNCTION_KEY
            CODE    7A17H     0018H     UNIT         ?PR?STOP_MODE?MAIN
            CODE    7A2FH     0016H     UNIT         ?PR?MY_NEWKEYINCOND?COMMON
            CODE    7A45H     0015H     UNIT         ?PR?SAVE_INFORMATION_ALL?FLASH
            CODE    7A5AH     0015H     UNIT         ?PR?COMPLETE_SETMODE?FUNCTION_KEY
            CODE    7A6FH     0014H     UNIT         ?PR?TESTMODE_IROUTCOMMON?FUNCTION_KEY
            CODE    7A83H     0014H     UNIT         ?PR?RETURNNORMAL?FUNCTION_KEY
            CODE    7A97H     0013H     UNIT         ?PR?WDG_SYSTEMRESET?COMMON
            CODE    7AAAH     0013H     UNIT         ?PR?ENVELOPCARRIEROFF?COMMON
            CODE    7ABDH     0013H     UNIT         ?PR?TIMER0_65MSSTART?HAL
            CODE    7AD0H     0012H     UNIT         ?PR?KEY_SEARCH?FUNCTION_KEY
            CODE    7AE2H     0011H     UNIT         ?PR?SETDELTAV?HAL
            CODE    7AF3H     0011H     UNIT         ?PR?TIMER1_1SECSTART?HAL
            CODE    7B04H     000FH     UNIT         ?PR?CRT_REM2P30?CRT
            CODE    7B13H     000EH     UNIT         ?PR?LOW_VOLTAGE_CODEOUT?FUNCTION_KEY
            CODE    7B21H     000EH     UNIT         ?PR?MAIN?MAIN
            CODE    7B2FH     000DH     UNIT         ?PR?_CRT_REMOPS?CRT
            CODE    7B3CH     000DH     UNIT         ?PR?_KEY_COMMON_DIGIT?FUNCTION_KEY
            CODE    7B49H     000DH     UNIT         ?PR?EXTINT_INIT?HAL
            CODE    7B56H     000CH     UNIT         ?PR?WAIT_GETKEY_SIMPLE?COMMON
            CODE    7B62H     000CH     UNIT         ?PR?CLRWDT?HAL
            CODE    7B6EH     000BH     UNIT         ?PR?_SETMODE_STARTTIMEOUT?COMMON
            CODE    7B79H     000BH     UNIT         ?PR?_AVSHIFTMODE_STARTTIMEOUT?COMMON
            CODE    7B84H     000BH     UNIT         ?PR?_CRT_CLKDIV?CRT
            CODE    7B8FH     000BH     UNIT         ?PR?_TICKTIMER_65MSSTART?HAL
            CODE    7B9AH     000AH     UNIT         ?PR?STB_SETTINGCOMMON?FUNCTION_KEY
            CODE    7BA4H     000AH     UNIT         ?PR?_UR_SETTINGCOMMON?FUNCTION_KEY
            CODE    7BAEH     000AH     UNIT         ?PR?IGNOREKEYIN?FUNCTION_KEY
            CODE    7BB8H     0009H     UNIT         ?PR?_TIMER0_AVSHIFTMODE_UPDATE?COMMON
            CODE    7BC1H     0009H     UNIT         ?PR?_TIMER0_65MS16_2_UPDATE?COMMON
            CODE    7BCAH     0008H     UNIT         ?PR?_STUCKKEYTIMER_START?HAL
            CODE    7BD2H     0005H     UNIT         ?C_INITSEG
            CODE    7BD7H     0004H     UNIT         ?PR?SW_SYSTEMRESET?COMMON
            CODE    7BDBH     0003H     UNIT         ?PR?COMPLETE_SETUP_TVPOWER?FUNCTION_KEY
            CODE    7BDEH     0003H     UNIT         ?PR?COMPLETE_SETUP_STBPOWER?FUNCTION_KEY
BL51 BANKED LINKER/LOCATER V6.22.2.0                                                  07/15/2022  09:34:05  PAGE 6


            CODE    7BE1H     0003H     UNIT         ?PR?KEY_CHUP?FUNCTION_KEY
            CODE    7BE4H     0003H     UNIT         ?PR?KEY_CHDOWN?FUNCTION_KEY
            CODE    7BE7H     0003H     UNIT         ?PR?KEY_MENU?FUNCTION_KEY
            CODE    7BEAH     0003H     UNIT         ?PR?KEY_NAVI_UP?FUNCTION_KEY
            CODE    7BEDH     0003H     UNIT         ?PR?KEY_NAVI_DOWN?FUNCTION_KEY
            CODE    7BF0H     0003H     UNIT         ?PR?KEY_NAVI_LEFT?FUNCTION_KEY
            CODE    7BF3H     0003H     UNIT         ?PR?KEY_NAVI_RIGHT?FUNCTION_KEY
            CODE    7BF6H     0003H     UNIT         ?PR?KEY_STBPOWER?FUNCTION_KEY
            CODE    7BF9H     0003H     UNIT         ?PR?KEY_VOLUP?FUNCTION_KEY
            CODE    7BFCH     0003H     UNIT         ?PR?KEY_VOLDOWN?FUNCTION_KEY
            CODE    7BFFH     0003H     UNIT         ?PR?KEY_MUTE?FUNCTION_KEY
            CODE    7C02H     0003H     UNIT         ?PR?KEY_MOVIE?FUNCTION_KEY
            CODE    7C05H     0003H     UNIT         ?PR?KEY_REVIEW?FUNCTION_KEY
            CODE    7C08H     0003H     UNIT         ?PR?KEY_CHGUIDE?FUNCTION_KEY
            CODE    7C0BH     0003H     UNIT         ?PR?KEY_OPTION?FUNCTION_KEY
            CODE    7C0EH     0003H     UNIT         ?PR?KEY_BACK?FUNCTION_KEY
            CODE    7C11H     0003H     UNIT         ?PR?KEY_EXIT?FUNCTION_KEY
            CODE    7C14H     0003H     UNIT         ?PR?KEY_REW?FUNCTION_KEY
            CODE    7C17H     0003H     UNIT         ?PR?KEY_PLAYPAUSE?FUNCTION_KEY
            CODE    7C1AH     0003H     UNIT         ?PR?KEY_STOP?FUNCTION_KEY
            CODE    7C1DH     0003H     UNIT         ?PR?KEY_FF?FUNCTION_KEY
            CODE    7C20H     0003H     UNIT         ?PR?KEY_STAR?FUNCTION_KEY
            CODE    7C23H     0003H     UNIT         ?PR?KEY_SHARP?FUNCTION_KEY
            CODE    7C26H     0003H     UNIT         ?PR?KEY_DELETE?FUNCTION_KEY
            CODE    7C29H     0003H     UNIT         ?PR?KEY_HANENG?FUNCTION_KEY
            CODE    7C2CH     0003H     UNIT         ?PR?KEY_RED?FUNCTION_KEY
            CODE    7C2FH     0003H     UNIT         ?PR?KEY_GREEN?FUNCTION_KEY
            CODE    7C32H     0003H     UNIT         ?PR?KEY_YELLOW?FUNCTION_KEY
            CODE    7C35H     0003H     UNIT         ?PR?KEY_BLUE?FUNCTION_KEY
            CODE    7C38H     0003H     UNIT         ?PR?KEY_MYMENU?FUNCTION_KEY
            CODE    7C3BH     0003H     UNIT         ?PR?KEY_SHOPPING?FUNCTION_KEY
            CODE    7C3EH     0003H     UNIT         ?PR?KEY_WIDGET?FUNCTION_KEY
            CODE    7C41H     0003H     UNIT         ?PR?KEY_APPSTORE?FUNCTION_KEY
            CODE    7C44H     0003H     UNIT         ?PR?FUNC_SPECIAL_F1?SPECIAL
            CODE    7C47H     0003H     UNIT         ?PR?FUNC_SPECIAL_F3?SPECIAL
            CODE    7C4AH     0003H     UNIT         ?PR?FUNC_SPECIAL_F6?SPECIAL
            CODE    7C4DH     0003H     UNIT         ?PR?FUNC_SPECIAL_F7?SPECIAL
            CODE    7C50H     0003H     UNIT         ?PR?FUNC_SPECIAL_F8?SPECIAL
            CODE    7C53H     0003H     UNIT         ?PR?FUNC_SPECIAL_F9?SPECIAL
            CODE    7C56H     0003H     UNIT         ?PR?FUNC_SPECIAL_FA?SPECIAL
            CODE    7C59H     0003H     UNIT         ?PR?FUNC_SPECIAL_FB?SPECIAL
            CODE    7C5CH     0003H     UNIT         ?PR?FUNC_SPECIAL_FC?SPECIAL
            CODE    7C5FH     0003H     UNIT         ?PR?FUNC_SPECIAL_FD?SPECIAL
            CODE    7C62H     0003H     UNIT         ?PR?FUNC_SPECIAL_E3?SPECIAL
            CODE    7C65H     0003H     UNIT         ?PR?FUNC_SPECIAL_E4?SPECIAL
            CODE    7C68H     0003H     UNIT         ?PR?FUNC_SPECIAL_E8?SPECIAL
            CODE    7C6BH     0003H     UNIT         ?PR?FUNC_SPECIAL_E9?SPECIAL
            CODE    7C6EH     0003H     UNIT         ?PR?FUNC_SPECIAL_EA?SPECIAL
            CODE    7C71H     0003H     UNIT         ?PR?FUNC_SPECIAL_E2?SPECIAL
            CODE    7C74H     0003H     UNIT         ?PR?FUNC_SPECIAL_E6?SPECIAL
            CODE    7C77H     0003H     UNIT         ?PR?FUNC_SPECIAL_FE?SPECIAL
            CODE    7C7AH     0001H     UNIT         ?PR?KEY_NULL?FUNCTION_KEY
            CODE    7C7BH     0001H     UNIT         ?PR?EXTERNAL_INTERRUPT_0?MAIN
            CODE    7C7CH     0001H     UNIT         ?PR?EXTERNAL_INTERRUPT_1?MAIN
            CODE    7C7DH     0001H     UNIT         ?PR?UART0_INTERRUPT?MAIN
            CODE    7C7EH     0001H     UNIT         ?PR?SPI_INTERRUPT?MAIN
            CODE    7C7FH     0001H     UNIT         ?PR?I2C_INTERRUPT?MAIN
BL51 BANKED LINKER/LOCATER V6.22.2.0                                                  07/15/2022  09:34:05  PAGE 7


            CODE    7C80H     0001H     UNIT         ?PR?LVD_INTERRUPT?MAIN
            CODE    7C81H     0001H     UNIT         ?PR?COMP_OUT_RE_INTERRUPT?MAIN
            CODE    7C82H     0001H     UNIT         ?PR?COMP_OUT_FE_INTERRUPT?MAIN
            CODE    7C83H     0001H     UNIT         ?PR?CRT_INTERRUPT?MAIN
            CODE    7C84H     0001H     UNIT         ?PR?EXTERNAL_INTERRUPT_2?MAIN
            CODE    7C85H     0001H     UNIT         ?PR?EXTERNAL_INTERRUPT_3?MAIN
            CODE    7C86H     0001H     UNIT         ?PR?KBI_INTERRUPT?MAIN



OVERLAY MAP OF MODULE:   .\Output\demo (COMMON)


SEGMENT                                             BIT_GROUP          DATA_GROUP 
  +--> CALLED SEGMENT                            START    LENGTH     START    LENGTH
------------------------------------------------------------------------------------
?PR?TIMER1_INTERRUPT?MAIN                        -----    -----      -----    -----
  +--> ?PR?_CRT_ONOFF?CRT
  +--> ?PR?_DEVICE_LED_OFF?COMMON
  +--> ?PR?GETKEY_SIMPLE?COMMON
  +--> ?PR?MY_NEWKEYINCOND?COMMON

?PR?GETKEY_SIMPLE?COMMON                         -----    -----      -----    -----
  +--> ?PR?_DELAYBY10US?COMMON

*** NEW ROOT ***************************************************

?PR?TIMER2_INTERRUPT?MAIN                        -----    -----      -----    -----
  +--> ?PR?SPECTIAL_F0_HIGH_ENVELOP?MAIN
  +--> ?PR?_DELAYBY10US?COMMON
  +--> ?PR?PULSE_STOP?COMMON

?PR?SPECTIAL_F0_HIGH_ENVELOP?MAIN                -----    -----      -----    -----
  +--> ?PR?_DELAYBY10US?COMMON

?PR?PULSE_STOP?COMMON                            -----    -----      -----    -----
  +--> ?PR?_DELAYBY10US?COMMON
  +--> ?PR?ENVELOPCARRIEROFF?COMMON

?PR?ENVELOPCARRIEROFF?COMMON                     -----    -----      -----    -----
  +--> ?PR?_CRT_ONOFF?CRT

*** NEW ROOT ***************************************************

?C_C51STARTUP                                    -----    -----      -----    -----
  +--> ?PR?MAIN?MAIN
  +--> ?C_INITSEG

?PR?MAIN?MAIN                                    -----    -----      -----    -----
  +--> ?PR?SYSTEMINIT?HAL
  +--> ?PR?INITPORT?HAL
  +--> ?PR?RESET_DEFINE?HAL
  +--> ?PR?RSAPPMAIN?FUNCTION_KEY

?PR?SYSTEMINIT?HAL                               -----    -----      -----    -----
  +--> ?PR?CRT_INIT_IR?HAL
  +--> ?PR?CLK_SEL?SYSCLK
BL51 BANKED LINKER/LOCATER V6.22.2.0                                                  07/15/2022  09:34:05  PAGE 8


  +--> ?PR?_CLK_DIV?SYSCLK
  +--> ?PR?SETDELTAV?HAL

?PR?CRT_INIT_IR?HAL                              -----    -----      -----    -----
  +--> ?PR?_CRT_ONOFF?CRT
  +--> ?PR?_CRT_MODESEL?CRT
  +--> ?PR?_CRT_INSEL?CRT
  +--> ?PR?_CRT_CLKDIV?CRT
  +--> ?PR?CRT_REM2P30?CRT
  +--> ?PR?_CRT_REMOPS?CRT

?PR?CLK_SEL?SYSCLK                               0020H.0  0000H.2    0021H    0001H
  +--> ?PR?_T0_WAIT?COMMON

?PR?_T0_WAIT?COMMON                              -----    -----      -----    -----
  +--> ?PR?_TICKTIMER_65MSSTART?HAL

?PR?_TICKTIMER_65MSSTART?HAL                     -----    -----      -----    -----
  +--> ?PR?TIMER0_65MSSTART?HAL

?PR?_CLK_DIV?SYSCLK                              0020H.0  0000H.1    -----    -----

?PR?SETDELTAV?HAL                                -----    -----      -----    -----
  +--> ?PR?_T0_WAIT?COMMON

?PR?RESET_DEFINE?HAL                             -----    -----      0021H    0002H
  +--> ?PR?KEY_BUF_OLD_CLEAR?COMMON
  +--> ?PR?STB_IROUTCOMMON?FUNCTION_KEY
  +--> ?PR?RAM_CHECK?HAL
  +--> ?PR?WBITSTREAM_CLEAR?COMMON
  +--> ?PR?GETKEY_SIMPLE?COMMON
  +--> ?PR?_DEVICE_LED_BLINK?COMMON
  +--> ?PR?_DEVICE_LED_OFF?COMMON

?PR?RAM_CHECK?HAL                                -----    -----      0023H    0002H
  +--> ?PR?CHKSUM_CAL?FUNCTION_KEY
  +--> ?PR?_INFORMATION_RW?FLASH
  +--> ?PR?FACTORYDEFAULT?HAL
  +--> ?PR?WDG_SYSTEMRESET?COMMON

?PR?CHKSUM_CAL?FUNCTION_KEY                      -----    -----      0030H    0003H

?PR?_INFORMATION_RW?FLASH                        -----    -----      -----    -----
  +--> ?PR?_WRITETOFLASH?FLASH
  +--> ?PR?_READFROMFLASH?FLASH

?PR?_WRITETOFLASH?FLASH                          -----    -----      0030H    0005H
  +--> ?PR?_FLASH_PAGE_ERASE?FLASH
  +--> ?PR?_FLASH_PAGE_WRITE?FLASH

?PR?_FLASH_PAGE_ERASE?FLASH                      -----    -----      0035H    0002H

?PR?_FLASH_PAGE_WRITE?FLASH                      -----    -----      0035H    0007H

?PR?_READFROMFLASH?FLASH                         -----    -----      0030H    0007H

?PR?FACTORYDEFAULT?HAL                           -----    -----      -----    -----
BL51 BANKED LINKER/LOCATER V6.22.2.0                                                  07/15/2022  09:34:05  PAGE 9


  +--> ?PR?SAVE_INFORMATION_ALL?FLASH

?PR?SAVE_INFORMATION_ALL?FLASH                   -----    -----      -----    -----
  +--> ?PR?CHKSUM_CAL?FUNCTION_KEY
  +--> ?PR?_INFORMATION_RW?FLASH

?PR?WDG_SYSTEMRESET?COMMON                       -----    -----      -----    -----
  +--> ?PR?CLRWDT?HAL

?PR?WBITSTREAM_CLEAR?COMMON                      -----    -----      0032H    0003H

?PR?_DEVICE_LED_BLINK?COMMON                     -----    -----      0032H    0007H
  +--> ?PR?_DEVICE_LED_OFF?COMMON
  +--> ?PR?_T0_WAIT?COMMON
  +--> ?PR?_DEVICE_LED_ON?COMMON

?PR?RSAPPMAIN?FUNCTION_KEY                       -----    -----      0021H    0001H
  +--> ?PR?_GETKEY?COMMON
  +--> ?PR?PULSE_STOP?COMMON
  +--> ?PR?_IROUT_N?FUNCTION_KEY
  +--> ?PR?_DEVICE_LED_ON?COMMON
  +--> ?PR?_DEVICE_LED_OFF?COMMON
  +--> ?PR?GETKEY_SIMPLE?COMMON
  +--> ?PR?_LOW_VOLTAGE_CHECK?COMMON
  +--> ?PR?_T0_WAIT_KEYIN_CHK?COMMON
  +--> ?PR?LOW_VOLTAGE_CODEOUT?FUNCTION_KEY
  +--> ?PR?_DEVICE_LED_BLINK_KEY_CHK?COMMON
  +--> ?PR?STOP_DEFINE?HAL
  +--> ?PR?EXTINT_INIT?HAL
  +--> ?PR?KEYSCAN_INTERRUPT_ON?HAL
  +--> ?PR?STOP_MODE?MAIN
  +--> ?PR?KEYSCAN_INTERRUPT_OFF?HAL
  +--> ?PR?FACTORY_TEST_PROCESS?FUNCTION_KEY
  +--> ?PR?_CHECK_KEY_2KEYNOSTOP?FUNCTION_KEY
  +--> ?PR?_CHECK_KEY_INSETMODE?COMMON
  +--> ?PR?_SETMODEIN_TIMECHECK?FUNCTION_KEY
  +--> ?PR?_UR_SETTINGCOMMON?FUNCTION_KEY
  +--> ?PR?STB_SETTINGCOMMON?FUNCTION_KEY
  +--> ?PR?SETTING_MODE?COMMON
  +--> ?PR?_SETMODE_STARTTIMEOUT?COMMON
  +--> ?PR?_DEVICE_LED_INSETUP?COMMON
  +--> ?PR?FACTORYDEFAULT?HAL
  +--> ?PR?_DEVICE_LED_BLINK?COMMON
  +--> ?PR?WAIT_GETKEY_SIMPLE?COMMON
  +--> ?PR?_CHECK_KEY_3KEYNOSTOP?FUNCTION_KEY
  +--> ?PR?_CHECK_KEY_4KEYNOSTOP?FUNCTION_KEY
  +--> ?PR?FUNCTIONKEYPROCESS?FUNCTION_KEY
  +--> ?PR?RETURNNORMAL?FUNCTION_KEY

?PR?_GETKEY?COMMON                               -----    -----      0022H    0007H
  +--> ?PR?_DELAYBY10US?COMMON
  +--> ?PR?_CODECVT?COMMON

?PR?_CODECVT?COMMON                              -----    -----      0029H    0007H
  +--> ?CO?ROM

?CO?ROM                                          -----    -----      -----    -----
BL51 BANKED LINKER/LOCATER V6.22.2.0                                                  07/15/2022  09:34:05  PAGE 10


  +--> ?PR?KEY_NULL?FUNCTION_KEY
  +--> ?PR?KEY_TVPOWER?FUNCTION_KEY
  +--> ?PR?KEY_TVVOLUP?FUNCTION_KEY
  +--> ?PR?KEY_TVVOLDOWN?FUNCTION_KEY
  +--> ?PR?KEY_INPUT?FUNCTION_KEY
  +--> ?PR?KEY_ALLPOWER?FUNCTION_KEY
  +--> ?PR?KEY_STBPOWER?FUNCTION_KEY
  +--> ?PR?KEY_VOLUP?FUNCTION_KEY
  +--> ?PR?KEY_VOLDOWN?FUNCTION_KEY
  +--> ?PR?KEY_MUTE?FUNCTION_KEY
  +--> ?PR?KEY_CHUP?FUNCTION_KEY
  +--> ?PR?KEY_CHDOWN?FUNCTION_KEY
  +--> ?PR?KEY_NAVI_UP?FUNCTION_KEY
  +--> ?PR?KEY_NAVI_DOWN?FUNCTION_KEY
  +--> ?PR?KEY_NAVI_LEFT?FUNCTION_KEY
  +--> ?PR?KEY_NAVI_RIGHT?FUNCTION_KEY
  +--> ?PR?KEY_OK?FUNCTION_KEY
  +--> ?PR?KEY_1?FUNCTION_KEY
  +--> ?PR?KEY_2?FUNCTION_KEY
  +--> ?PR?KEY_3?FUNCTION_KEY
  +--> ?PR?KEY_4?FUNCTION_KEY
  +--> ?PR?KEY_5?FUNCTION_KEY
  +--> ?PR?KEY_6?FUNCTION_KEY
  +--> ?PR?KEY_7?FUNCTION_KEY
  +--> ?PR?KEY_8?FUNCTION_KEY
  +--> ?PR?KEY_9?FUNCTION_KEY
  +--> ?PR?KEY_0?FUNCTION_KEY
  +--> ?PR?KEY_MOVIE?FUNCTION_KEY
  +--> ?PR?KEY_REVIEW?FUNCTION_KEY
  +--> ?PR?KEY_CHGUIDE?FUNCTION_KEY
  +--> ?PR?KEY_MENU?FUNCTION_KEY
  +--> ?PR?KEY_OPTION?FUNCTION_KEY
  +--> ?PR?KEY_BACK?FUNCTION_KEY
  +--> ?PR?KEY_EXIT?FUNCTION_KEY
  +--> ?PR?KEY_REW?FUNCTION_KEY
  +--> ?PR?KEY_PLAYPAUSE?FUNCTION_KEY
  +--> ?PR?KEY_STOP?FUNCTION_KEY
  +--> ?PR?KEY_FF?FUNCTION_KEY
  +--> ?PR?KEY_STAR?FUNCTION_KEY
  +--> ?PR?KEY_SHARP?FUNCTION_KEY
  +--> ?PR?KEY_SEARCH?FUNCTION_KEY
  +--> ?PR?KEY_DELETE?FUNCTION_KEY
  +--> ?PR?KEY_HANENG?FUNCTION_KEY
  +--> ?PR?KEY_RED?FUNCTION_KEY
  +--> ?PR?KEY_GREEN?FUNCTION_KEY
  +--> ?PR?KEY_YELLOW?FUNCTION_KEY
  +--> ?PR?KEY_BLUE?FUNCTION_KEY
  +--> ?PR?KEY_MYMENU?FUNCTION_KEY
  +--> ?PR?KEY_SHOPPING?FUNCTION_KEY
  +--> ?PR?KEY_WIDGET?FUNCTION_KEY
  +--> ?PR?KEY_APPSTORE?FUNCTION_KEY
  +--> ?PR?FUNC_SPECIAL_F0?SPECIAL
  +--> ?PR?FUNC_SPECIAL_F1?SPECIAL
  +--> ?PR?FUNC_SPECIAL_F2?SPECIAL
  +--> ?PR?FUNC_SPECIAL_F3?SPECIAL
  +--> ?PR?FUNC_SPECIAL_F4?SPECIAL
  +--> ?PR?FUNC_SPECIAL_F5?SPECIAL
BL51 BANKED LINKER/LOCATER V6.22.2.0                                                  07/15/2022  09:34:05  PAGE 11


  +--> ?PR?FUNC_SPECIAL_F6?SPECIAL
  +--> ?PR?FUNC_SPECIAL_F7?SPECIAL
  +--> ?PR?FUNC_SPECIAL_F8?SPECIAL
  +--> ?PR?FUNC_SPECIAL_F9?SPECIAL
  +--> ?PR?FUNC_SPECIAL_FA?SPECIAL
  +--> ?PR?FUNC_SPECIAL_FB?SPECIAL
  +--> ?PR?FUNC_SPECIAL_FC?SPECIAL
  +--> ?PR?FUNC_SPECIAL_FD?SPECIAL
  +--> ?PR?FUNC_SPECIAL_FE?SPECIAL

?PR?KEY_TVPOWER?FUNCTION_KEY                     -----    -----      -----    -----
  +--> ?PR?OTHER_TV_KEYS_COMMON?FUNCTION_KEY

?PR?OTHER_TV_KEYS_COMMON?FUNCTION_KEY            -----    -----      -----    -----
  +--> ?PR?_BATCH_SS_LG_COMMON?FUNCTION_KEY
  +--> ?PR?GETSAMEKEY_WAIT?FUNCTION_KEY
  +--> ?PR?_DEVICE_LED_ON?COMMON
  +--> ?PR?_DELAYBY10US?COMMON
  +--> ?PR?_IROUT_N?FUNCTION_KEY
  +--> ?PR?PULSE_STOP?COMMON
  +--> ?PR?_TIMER0_65MS16_2_UPDATE?COMMON
  +--> ?PR?_DEVICE_LED_BLINK?COMMON
  +--> ?PR?RETURNNORMAL?FUNCTION_KEY
  +--> ?PR?IGNOREKEYIN?FUNCTION_KEY

?PR?_BATCH_SS_LG_COMMON?FUNCTION_KEY             -----    -----      0031H    0001H
  +--> ?PR?_PULSEOUT_NFRAME?FUNCTION_KEY
  +--> ?PR?_DEVICE_LED_ON?COMMON
  +--> ?PR?_DELAYBY10US?COMMON

?PR?_PULSEOUT_NFRAME?FUNCTION_KEY                -----    -----      -----    -----
  +--> ?PR?MY_SUB?COMMON
  +--> ?PR?PULSE_STOP?COMMON
  +--> ?PR?_DEVICE_LED_OFF?COMMON

?PR?MY_SUB?COMMON                                -----    -----      -----    -----
  +--> ?PR?MY_NEWKEYINCOND?COMMON
  +--> ?PR?WBITSTREAM_CLEAR?COMMON
  +--> ?PR?_STUCKKEYTIMER_START?HAL
  +--> ?PR?SEND_UR_READY?COMMON
  +--> ?PR?_DEVICE_LED_ON?COMMON
  +--> ?PR?SEND_UR?COMMON

?PR?_STUCKKEYTIMER_START?HAL                     -----    -----      -----    -----
  +--> ?PR?TIMER1_1SECSTART?HAL

?PR?SEND_UR_READY?COMMON                         -----    -----      0032H    0006H
  +--> ?PR?_GETCODEADDRESS_SET?COMMON
  +--> ?PR?_LOADSETNUMBER?COMMON
  +--> ?PR?_LOADCUSTDATAWITHFORMAT?COMMON
  +--> ?PR?_FILLBITSTREAMFROMOUTORDER?COMMON

?PR?_GETCODEADDRESS_SET?COMMON                   -----    -----      0038H    0003H
  +--> ?PR?_LOADSETNUMBER?COMMON

?PR?_LOADCUSTDATAWITHFORMAT?COMMON               -----    -----      0038H    000FH
  +--> ?PR?GET_MAP_POINTER?COMMON
BL51 BANKED LINKER/LOCATER V6.22.2.0                                                  07/15/2022  09:34:05  PAGE 12


  +--> ?PR?_LOADFORMAT?COMMON
  +--> ?PR?_CONVERT_CD?COMMON

?PR?GET_MAP_POINTER?COMMON                       -----    -----      0047H    0001H

?PR?_LOADFORMAT?COMMON                           -----    -----      0047H    0006H
  +--> ?PR?_FORMATNEXTADDRCAL?COMMON

?PR?_CONVERT_CD?COMMON                           -----    -----      0047H    0004H

?PR?_FILLBITSTREAMFROMOUTORDER?COMMON            -----    -----      003CH    0013H
  +--> ?PR?_SETBITSTREAMFROMNIBBLE?COMMON

?PR?_SETBITSTREAMFROMNIBBLE?COMMON               -----    -----      004FH    000FH

?PR?SEND_UR?COMMON                               -----    -----      -----    -----
  +--> ?PR?CALCULATEENVELOPE?COMMON
  +--> ?PR?CARRIER_SET?COMMON

?PR?CARRIER_SET?COMMON                           -----    -----      0032H    0002H
  +--> ?PR?_CRT_ONOFF?CRT
  +--> ?PR?TIMER2_START?HAL

?PR?_IROUT_N?FUNCTION_KEY                        -----    -----      0031H    0001H
  +--> ?PR?MY_SUB?COMMON
  +--> ?PR?PULSE_STOP?COMMON
  +--> ?PR?_DEVICE_LED_OFF?COMMON

?PR?RETURNNORMAL?FUNCTION_KEY                    -----    -----      -----    -----
  +--> ?PR?_DEVICE_LED_OFF?COMMON
  +--> ?PR?WAIT_GETKEY_SIMPLE?COMMON

?PR?WAIT_GETKEY_SIMPLE?COMMON                    -----    -----      -----    -----
  +--> ?PR?GETKEY_SIMPLE?COMMON
  +--> ?PR?_T0_WAIT?COMMON

?PR?IGNOREKEYIN?FUNCTION_KEY                     -----    -----      -----    -----
  +--> ?PR?_TIMER0_65MS16_2_UPDATE?COMMON
  +--> ?PR?WAIT_GETKEY_SIMPLE?COMMON

?PR?KEY_TVVOLUP?FUNCTION_KEY                     -----    -----      -----    -----
  +--> ?PR?OTHER_TV_KEYS_COMMON?FUNCTION_KEY

?PR?KEY_TVVOLDOWN?FUNCTION_KEY                   -----    -----      -----    -----
  +--> ?PR?OTHER_TV_KEYS_COMMON?FUNCTION_KEY

?PR?KEY_INPUT?FUNCTION_KEY                       -----    -----      -----    -----
  +--> ?PR?OTHER_TV_KEYS_COMMON?FUNCTION_KEY
  +--> ?PR?_TIMER0_AVSHIFTMODE_UPDATE?COMMON
  +--> ?PR?_AVSHIFTMODE_STARTTIMEOUT?COMMON
  +--> ?PR?_DEVICE_LED_ON?COMMON

?PR?_AVSHIFTMODE_STARTTIMEOUT?COMMON             -----    -----      -----    -----
  +--> ?PR?TIMER0_65MSSTART?HAL

?PR?KEY_ALLPOWER?FUNCTION_KEY                    -----    -----      -----    -----
  +--> ?PR?_PANASONIC_TV_CHECK?COMMON
BL51 BANKED LINKER/LOCATER V6.22.2.0                                                  07/15/2022  09:34:05  PAGE 13


  +--> ?PR?_PULSEOUT_ABOVE_NFRAME?FUNCTION_KEY
  +--> ?PR?_BATCH_SS_LG_COMMON?FUNCTION_KEY
  +--> ?PR?_PULSEOUT_NFRAME?FUNCTION_KEY
  +--> ?PR?_DELAYBY10US?COMMON
  +--> ?PR?OTHER_KEYS_COMMON?FUNCTION_KEY

?PR?_PANASONIC_TV_CHECK?COMMON                   -----    -----      0031H    0006H
  +--> ?PR?_LOADSETNUMBER?COMMON

?PR?_PULSEOUT_ABOVE_NFRAME?FUNCTION_KEY          -----    -----      0030H    0001H
  +--> ?PR?MY_SUB?COMMON
  +--> ?PR?PULSE_STOP?COMMON
  +--> ?PR?_DEVICE_LED_OFF?COMMON

?PR?OTHER_KEYS_COMMON?FUNCTION_KEY               -----    -----      -----    -----
  +--> ?PR?_IROUT_N?FUNCTION_KEY
  +--> ?PR?GETSAMEKEY_WAIT?FUNCTION_KEY
  +--> ?PR?PULSE_STOP?COMMON
  +--> ?PR?_TIMER0_65MS16_2_UPDATE?COMMON
  +--> ?PR?_DEVICE_LED_BLINK?COMMON
  +--> ?PR?RETURNNORMAL?FUNCTION_KEY
  +--> ?PR?IGNOREKEYIN?FUNCTION_KEY

?PR?KEY_STBPOWER?FUNCTION_KEY                    -----    -----      -----    -----
  +--> ?PR?OTHER_KEYS_COMMON?FUNCTION_KEY

?PR?KEY_VOLUP?FUNCTION_KEY                       -----    -----      -----    -----
  +--> ?PR?OTHER_KEYS_COMMON?FUNCTION_KEY

?PR?KEY_VOLDOWN?FUNCTION_KEY                     -----    -----      -----    -----
  +--> ?PR?OTHER_KEYS_COMMON?FUNCTION_KEY

?PR?KEY_MUTE?FUNCTION_KEY                        -----    -----      -----    -----
  +--> ?PR?OTHER_KEYS_COMMON?FUNCTION_KEY

?PR?KEY_CHUP?FUNCTION_KEY                        -----    -----      -----    -----
  +--> ?PR?AUTO_SEARCH_COMMON?FUNCTION_KEY

?PR?AUTO_SEARCH_COMMON?FUNCTION_KEY              -----    -----      -----    -----
  +--> ?PR?_AUTO_SEARCH_1?COMMON
  +--> ?PR?OTHER_KEYS_COMMON?FUNCTION_KEY

?PR?_AUTO_SEARCH_1?COMMON                        -----    -----      -----    -----
  +--> ?PR?_TIMER0_65MS16_2_UPDATE?COMMON
  +--> ?PR?_DEVICE_LED_INSETUP?COMMON
  +--> ?PR?_LOADSETNUMBER?COMMON
  +--> ?PR?PREV_SEARCHNO_FIND_INAUTOSEARCH?C...
  +--> ?PR?_GETCODEADDRESS_SET?COMMON
  +--> ?PR?NEXT_SEARCHNO_FIND_INAUTOSEARCH?C...
  +--> ?PR?_PANASONIC_TV_CHECK?COMMON
  +--> ?PR?_BATCH_SS_LG_COMMON?FUNCTION_KEY
  +--> ?PR?_IROUT_N?FUNCTION_KEY
  +--> ?PR?_DEVICE_LED_BLINK?COMMON

?PR?_DEVICE_LED_INSETUP?COMMON                   -----    -----      0031H    0001H
  +--> ?PR?_DEVICE_LED_BLINK?COMMON

BL51 BANKED LINKER/LOCATER V6.22.2.0                                                  07/15/2022  09:34:05  PAGE 14


?PR?PREV_SEARCHNO_FIND_INAUTOSEARCH?C...         -----    -----      0030H    0002H
  +--> ?PR?_LOADSETNUMBER?COMMON
  +--> ?PR?NEXT_SEARCHNO_FIND_INAUTOSEARCH?C...

?PR?NEXT_SEARCHNO_FIND_INAUTOSEARCH?C...         -----    -----      -----    -----
  +--> ?PR?_LOADSETNUMBER?COMMON

?PR?KEY_CHDOWN?FUNCTION_KEY                      -----    -----      -----    -----
  +--> ?PR?AUTO_SEARCH_COMMON?FUNCTION_KEY

?PR?KEY_NAVI_UP?FUNCTION_KEY                     -----    -----      -----    -----
  +--> ?PR?AVSHIFTMODE_KEYS_COMMON?FUNCTION_KEY

?PR?AVSHIFTMODE_KEYS_COMMON?FUNCTION_KEY         -----    -----      -----    -----
  +--> ?PR?_DEVICE_LED_OFF?COMMON
  +--> ?PR?_BATCH_SS_LG_COMMON?FUNCTION_KEY
  +--> ?PR?_DELAYBY10US?COMMON
  +--> ?PR?GETSAMEKEY_WAIT?FUNCTION_KEY
  +--> ?PR?_IROUT_N?FUNCTION_KEY
  +--> ?PR?_TIMER0_AVSHIFTMODE_UPDATE?COMMON
  +--> ?PR?OTHER_KEYS_COMMON?FUNCTION_KEY

?PR?KEY_NAVI_DOWN?FUNCTION_KEY                   -----    -----      -----    -----
  +--> ?PR?AVSHIFTMODE_KEYS_COMMON?FUNCTION_KEY

?PR?KEY_NAVI_LEFT?FUNCTION_KEY                   -----    -----      -----    -----
  +--> ?PR?AVSHIFTMODE_KEYS_COMMON?FUNCTION_KEY

?PR?KEY_NAVI_RIGHT?FUNCTION_KEY                  -----    -----      -----    -----
  +--> ?PR?AVSHIFTMODE_KEYS_COMMON?FUNCTION_KEY

?PR?KEY_OK?FUNCTION_KEY                          -----    -----      -----    -----
  +--> ?PR?COMPLETE_URSETUP?FUNCTION_KEY
  +--> ?PR?RETURNNORMAL?FUNCTION_KEY
  +--> ?PR?AVSHIFTMODE_KEYS_COMMON?FUNCTION_KEY

?PR?COMPLETE_URSETUP?FUNCTION_KEY                -----    -----      -----    -----
  +--> ?PR?COMPLETE_SETUP_STBPOWER?FUNCTION_KEY
  +--> ?PR?COMPLETE_SETUP_TVPOWER?FUNCTION_KEY
  +--> ?PR?COMPLETE_SETMODE?FUNCTION_KEY

?PR?COMPLETE_SETUP_STBPOWER?FUNCTION_KEY         -----    -----      -----    -----
  +--> ?PR?SAVE_STBPOWER?FUNCTION_KEY

?PR?COMPLETE_SETUP_TVPOWER?FUNCTION_KEY          -----    -----      -----    -----
  +--> ?PR?SAVE_TVPOWER?FUNCTION_KEY

?PR?COMPLETE_SETMODE?FUNCTION_KEY                -----    -----      -----    -----
  +--> ?PR?_DEVICE_LED_OFF?COMMON
  +--> ?PR?SAVE_INFORMATION_ALL?FLASH
  +--> ?PR?_DEVICE_LED_INSETUP?COMMON
  +--> ?PR?RETURNNORMAL?FUNCTION_KEY
  +--> ?PR?WAIT_GETKEY_SIMPLE?COMMON

?PR?KEY_1?FUNCTION_KEY                           -----    -----      -----    -----
  +--> ?PR?_KEY_COMMON_DIGIT?FUNCTION_KEY

BL51 BANKED LINKER/LOCATER V6.22.2.0                                                  07/15/2022  09:34:05  PAGE 15


?PR?_KEY_COMMON_DIGIT?FUNCTION_KEY               -----    -----      -----    -----
  +--> ?PR?_DIGITKEYS_COMMON_SETMODE?FUNCTIO...
  +--> ?PR?OTHER_KEYS_COMMON?FUNCTION_KEY

?PR?_DIGITKEYS_COMMON_SETMODE?FUNCTIO...         -----    -----      0030H    0001H
  +--> ?PR?_DEVICE_LED_INSETUP?COMMON
  +--> ?PR?_GET1CODEFROM3BUF?COMMON
  +--> ?PR?_PANASONIC_TV_CHECK?COMMON
  +--> ?PR?_BATCH_SS_LG_COMMON?FUNCTION_KEY
  +--> ?PR?_IROUT_N?FUNCTION_KEY
  +--> ?PR?_DEVICE_LED_BLINK?COMMON
  +--> ?PR?_TIMER0_65MS16_2_UPDATE?COMMON
  +--> ?PR?WAIT_GETKEY_SIMPLE?COMMON
  +--> ?PR?RETURNNORMAL?FUNCTION_KEY

?PR?_GET1CODEFROM3BUF?COMMON                     -----    -----      0031H    0002H
  +--> ?PR?_GETCODEADDRESS_SET?COMMON
  +--> ?PR?_LOADSETNUMBER?COMMON

?PR?KEY_2?FUNCTION_KEY                           -----    -----      -----    -----
  +--> ?PR?_KEY_COMMON_DIGIT?FUNCTION_KEY

?PR?KEY_3?FUNCTION_KEY                           -----    -----      -----    -----
  +--> ?PR?_KEY_COMMON_DIGIT?FUNCTION_KEY

?PR?KEY_4?FUNCTION_KEY                           -----    -----      -----    -----
  +--> ?PR?_KEY_COMMON_DIGIT?FUNCTION_KEY

?PR?KEY_5?FUNCTION_KEY                           -----    -----      -----    -----
  +--> ?PR?_KEY_COMMON_DIGIT?FUNCTION_KEY

?PR?KEY_6?FUNCTION_KEY                           -----    -----      -----    -----
  +--> ?PR?_KEY_COMMON_DIGIT?FUNCTION_KEY

?PR?KEY_7?FUNCTION_KEY                           -----    -----      -----    -----
  +--> ?PR?_KEY_COMMON_DIGIT?FUNCTION_KEY

?PR?KEY_8?FUNCTION_KEY                           -----    -----      -----    -----
  +--> ?PR?_KEY_COMMON_DIGIT?FUNCTION_KEY

?PR?KEY_9?FUNCTION_KEY                           -----    -----      -----    -----
  +--> ?PR?_KEY_COMMON_DIGIT?FUNCTION_KEY

?PR?KEY_0?FUNCTION_KEY                           -----    -----      -----    -----
  +--> ?PR?_KEY_COMMON_DIGIT?FUNCTION_KEY

?PR?KEY_MOVIE?FUNCTION_KEY                       -----    -----      -----    -----
  +--> ?PR?OTHER_KEYS_COMMON?FUNCTION_KEY

?PR?KEY_REVIEW?FUNCTION_KEY                      -----    -----      -----    -----
  +--> ?PR?OTHER_KEYS_COMMON?FUNCTION_KEY

?PR?KEY_CHGUIDE?FUNCTION_KEY                     -----    -----      -----    -----
  +--> ?PR?OTHER_KEYS_COMMON?FUNCTION_KEY

?PR?KEY_MENU?FUNCTION_KEY                        -----    -----      -----    -----
  +--> ?PR?OTHER_KEYS_COMMON?FUNCTION_KEY
BL51 BANKED LINKER/LOCATER V6.22.2.0                                                  07/15/2022  09:34:05  PAGE 16



?PR?KEY_OPTION?FUNCTION_KEY                      -----    -----      -----    -----
  +--> ?PR?OTHER_KEYS_COMMON?FUNCTION_KEY

?PR?KEY_BACK?FUNCTION_KEY                        -----    -----      -----    -----
  +--> ?PR?OTHER_KEYS_COMMON?FUNCTION_KEY

?PR?KEY_EXIT?FUNCTION_KEY                        -----    -----      -----    -----
  +--> ?PR?OTHER_KEYS_COMMON?FUNCTION_KEY

?PR?KEY_REW?FUNCTION_KEY                         -----    -----      -----    -----
  +--> ?PR?OTHER_KEYS_COMMON?FUNCTION_KEY

?PR?KEY_PLAYPAUSE?FUNCTION_KEY                   -----    -----      -----    -----
  +--> ?PR?OTHER_KEYS_COMMON?FUNCTION_KEY

?PR?KEY_STOP?FUNCTION_KEY                        -----    -----      -----    -----
  +--> ?PR?OTHER_KEYS_COMMON?FUNCTION_KEY

?PR?KEY_FF?FUNCTION_KEY                          -----    -----      -----    -----
  +--> ?PR?OTHER_KEYS_COMMON?FUNCTION_KEY

?PR?KEY_STAR?FUNCTION_KEY                        -----    -----      -----    -----
  +--> ?PR?OTHER_KEYS_COMMON?FUNCTION_KEY

?PR?KEY_SHARP?FUNCTION_KEY                       -----    -----      -----    -----
  +--> ?PR?OTHER_KEYS_COMMON?FUNCTION_KEY

?PR?KEY_SEARCH?FUNCTION_KEY                      -----    -----      -----    -----
  +--> ?PR?CODE_READ_OUT?COMMON
  +--> ?PR?RETURNNORMAL?FUNCTION_KEY
  +--> ?PR?OTHER_KEYS_COMMON?FUNCTION_KEY

?PR?CODE_READ_OUT?COMMON                         -----    -----      0030H    0001H
  +--> ?PR?_DEVICE_LED_OFF?COMMON
  +--> ?PR?_T0_WAIT?COMMON
  +--> ?PR?_DEVICE_LED_BLINK?COMMON

?PR?KEY_DELETE?FUNCTION_KEY                      -----    -----      -----    -----
  +--> ?PR?OTHER_KEYS_COMMON?FUNCTION_KEY

?PR?KEY_HANENG?FUNCTION_KEY                      -----    -----      -----    -----
  +--> ?PR?OTHER_KEYS_COMMON?FUNCTION_KEY

?PR?KEY_RED?FUNCTION_KEY                         -----    -----      -----    -----
  +--> ?PR?OTHER_KEYS_COMMON?FUNCTION_KEY

?PR?KEY_GREEN?FUNCTION_KEY                       -----    -----      -----    -----
  +--> ?PR?OTHER_KEYS_COMMON?FUNCTION_KEY

?PR?KEY_YELLOW?FUNCTION_KEY                      -----    -----      -----    -----
  +--> ?PR?OTHER_KEYS_COMMON?FUNCTION_KEY

?PR?KEY_BLUE?FUNCTION_KEY                        -----    -----      -----    -----
  +--> ?PR?OTHER_KEYS_COMMON?FUNCTION_KEY

?PR?KEY_MYMENU?FUNCTION_KEY                      -----    -----      -----    -----
BL51 BANKED LINKER/LOCATER V6.22.2.0                                                  07/15/2022  09:34:05  PAGE 17


  +--> ?PR?OTHER_KEYS_COMMON?FUNCTION_KEY

?PR?KEY_SHOPPING?FUNCTION_KEY                    -----    -----      -----    -----
  +--> ?PR?OTHER_KEYS_COMMON?FUNCTION_KEY

?PR?KEY_WIDGET?FUNCTION_KEY                      -----    -----      -----    -----
  +--> ?PR?OTHER_KEYS_COMMON?FUNCTION_KEY

?PR?KEY_APPSTORE?FUNCTION_KEY                    -----    -----      -----    -----
  +--> ?PR?OTHER_KEYS_COMMON?FUNCTION_KEY

?PR?FUNC_SPECIAL_F0?SPECIAL                      -----    -----      0030H    000AH

?PR?FUNC_SPECIAL_F2?SPECIAL                      -----    -----      0030H    000AH
  +--> ?PR?_SETBITSTREAMFROMNIBBLE?COMMON

?PR?FUNC_SPECIAL_F4?SPECIAL                      -----    -----      0030H    0016H

?PR?FUNC_SPECIAL_F5?SPECIAL                      -----    -----      0030H    000CH
  +--> ?PR?_FILLBITSTREAMFROMOUTORDER?COMMON

?PR?FUNC_SPECIAL_FE?SPECIAL                      -----    -----      -----    -----
  +--> ?PR?FUNCTION_SPECIAL_EXT_CALL?SPECIAL

?PR?FUNCTION_SPECIAL_EXT_CALL?SPECIAL            -----    -----      -----    -----
  +--> ?PR?FUNC_SPECIAL_E2?SPECIAL
  +--> ?PR?FUNC_SPECIAL_E3?SPECIAL
  +--> ?PR?FUNC_SPECIAL_E4?SPECIAL
  +--> ?PR?FUNC_SPECIAL_E5?SPECIAL
  +--> ?PR?FUNC_SPECIAL_E6?SPECIAL
  +--> ?PR?FUNC_SPECIAL_E8?SPECIAL
  +--> ?PR?FUNC_SPECIAL_E9?SPECIAL
  +--> ?PR?FUNC_SPECIAL_EA?SPECIAL

?PR?FUNC_SPECIAL_E5?SPECIAL                      -----    -----      0030H    0008H

?PR?_T0_WAIT_KEYIN_CHK?COMMON                    -----    -----      -----    -----
  +--> ?PR?_TICKTIMER_65MSSTART?HAL
  +--> ?PR?GETKEY_SIMPLE?COMMON

?PR?LOW_VOLTAGE_CODEOUT?FUNCTION_KEY             -----    -----      -----    -----
  +--> ?PR?STB_IROUTCOMMON?FUNCTION_KEY
  +--> ?PR?_IROUT_N?FUNCTION_KEY
  +--> ?PR?PULSE_STOP?COMMON

?PR?_DEVICE_LED_BLINK_KEY_CHK?COMMON             -----    -----      0022H    0007H
  +--> ?PR?_DEVICE_LED_OFF?COMMON
  +--> ?PR?_T0_WAIT_KEYIN_CHK?COMMON
  +--> ?PR?_DEVICE_LED_ON?COMMON

?PR?STOP_DEFINE?HAL                              -----    -----      -----    -----
  +--> ?PR?_CRT_ONOFF?CRT

?PR?FACTORY_TEST_PROCESS?FUNCTION_KEY            -----    -----      -----    -----
  +--> ?PR?TESTMODE_IROUTCOMMON?FUNCTION_KEY
  +--> ?PR?_IROUT_N?FUNCTION_KEY
  +--> ?PR?RSAPP_EXITTESTMODEFUNCTION?FUNCTI...
BL51 BANKED LINKER/LOCATER V6.22.2.0                                                  07/15/2022  09:34:05  PAGE 18


  +--> ?PR?RSAPP_ENTERTESTMODEFUNCTION?FUNCT...

?PR?RSAPP_EXITTESTMODEFUNCTION?FUNCTI...         -----    -----      -----    -----
  +--> ?PR?PULSE_STOP?COMMON
  +--> ?PR?_DEVICE_LED_OFF?COMMON
  +--> ?PR?FACTORYDEFAULT?HAL
  +--> ?PR?RETURNNORMAL?FUNCTION_KEY
  +--> ?PR?TESTMODE_IROUTCOMMON?FUNCTION_KEY
  +--> ?CO?ROM
  +--> ?PR?_IROUT_N?FUNCTION_KEY
  +--> ?PR?STB_IROUTCOMMON?FUNCTION_KEY
  +--> ?PR?_T0_WAIT?COMMON
  +--> ?PR?SW_SYSTEMRESET?COMMON

?PR?RSAPP_ENTERTESTMODEFUNCTION?FUNCT...         -----    -----      -----    -----
  +--> ?PR?FACTORY_VERSION_REPORTING?FUNCTIO...
  +--> ?PR?_DEVICE_LED_BLINK?COMMON

?PR?FACTORY_VERSION_REPORTING?FUNCTIO...         -----    -----      -----    -----
  +--> ?PR?MY_NEWKEYINCOND?COMMON
  +--> ?PR?WBITSTREAM_CLEAR?COMMON
  +--> ?PR?TESTMODE_IROUTCOMMON?FUNCTION_KEY
  +--> ?PR?SEND_UR_READY?COMMON
  +--> ?CO?ROM
  +--> ?PR?_NECDATAQUICKLYLOAD_FILLPATTERN?F...
  +--> ?PR?SEND_UR?COMMON
  +--> ?PR?PULSE_STOP?COMMON

?PR?_NECDATAQUICKLYLOAD_FILLPATTERN?F...         -----    -----      0022H    0002H

?PR?_CHECK_KEY_2KEYNOSTOP?FUNCTION_KEY           -----    -----      0022H    0006H

?PR?_CHECK_KEY_INSETMODE?COMMON                  -----    -----      0022H    0006H

?PR?_SETMODEIN_TIMECHECK?FUNCTION_KEY            -----    -----      -----    -----
  +--> ?PR?_TICKTIMER_65MSSTART?HAL
  +--> ?PR?_GETKEY?COMMON

?PR?SETTING_MODE?COMMON                          -----    -----      0022H    0003H

?PR?_SETMODE_STARTTIMEOUT?COMMON                 -----    -----      -----    -----
  +--> ?PR?TIMER0_65MSSTART?HAL

?PR?_CHECK_KEY_3KEYNOSTOP?FUNCTION_KEY           -----    -----      0022H    0009H

?PR?_CHECK_KEY_4KEYNOSTOP?FUNCTION_KEY           -----    -----      0022H    000CH

?PR?FUNCTIONKEYPROCESS?FUNCTION_KEY              -----    -----      -----    -----
  +--> ?CO?ROM

?C_INITSEG                                       -----    -----      -----    -----
  +--> ?CO?ROM



SYMBOL TABLE OF MODULE:  .\Output\demo (COMMON)

BL51 BANKED LINKER/LOCATER V6.22.2.0                                                  07/15/2022  09:34:05  PAGE 19


  VALUE           TYPE          NAME
  ----------------------------------

  -------         MODULE        COMMON
  C:0000H         SYMBOL        _ICE_DUMMY_
  D:0080H         PUBLIC        P0
  D:0090H         PUBLIC        P1
  D:00A0H         PUBLIC        P2
  D:00B0H         PUBLIC        P3
  B:00A8H.7       PUBLIC        EA
  D:00AAH         PUBLIC        EIE2
  C:6419H         PUBLIC        prev_searchNo_find_inAutoSearch
  C:5C41H         PUBLIC        _getkey
  C:7143H         PUBLIC        next_searchNo_find_inAutoSearch
  C:6885H         PUBLIC        _Convert_cd
  C:728FH         PUBLIC        my_sub
  C:7B56H         PUBLIC        wait_getkey_simple
  C:6D62H         PUBLIC        _GetCodeAddress_set
  C:6F08H         PUBLIC        _Delayby10us
  C:7BD7H         PUBLIC        SW_SystemReset
  C:584EH         PUBLIC        carrier_set
  C:760CH         PUBLIC        _LoadSetNumber
  C:73C2H         PUBLIC        _FormatNextAddrCal
  C:7B79H         PUBLIC        _avShiftMode_StartTimeOut
  C:7489H         PUBLIC        _device_Led_blink_key_chk
  D:00CBH         PUBLIC        RCAP2H
  C:7BC1H         PUBLIC        _Timer0_65ms16_2_Update
  D:00CAH         PUBLIC        RCAP2L
  C:54E6H         PUBLIC        _auto_search_1
  C:5B0DH         PUBLIC        _SetBitStreamFromNibble
  C:797CH         PUBLIC        _device_led_off
  C:7406H         PUBLIC        _Low_Voltage_Check
  C:47FEH         PUBLIC        _LoadCustDataWithFormat
  D:00E4H         PUBLIC        CRTDATA0
  D:00E5H         PUBLIC        CRTDATA1
  C:66B6H         PUBLIC        _Get1CodeFrom3Buf
  C:7734H         PUBLIC        _t0_wait
  C:7BB8H         PUBLIC        _Timer0_avShiftMode_Update
  D:00E0H         PUBLIC        ACC
  C:7AAAH         PUBLIC        EnvelopCarrierOff
  C:6E3AH         PUBLIC        get_map_pointer
  D:00A5H         PUBLIC        LVDCON
  C:78D0H         PUBLIC        _device_led_on
  B:00A8H.1       PUBLIC        ET0
  C:6902H         PUBLIC        Setting_Mode
  B:00A8H.5       PUBLIC        ET2
  C:6C86H         PUBLIC        _codeCvt
  D:00BDH         PUBLIC        WDTCON
  C:7A97H         PUBLIC        WDG_SystemReset
  C:76DAH         PUBLIC        wBitStream_Clear
  C:6F6AH         PUBLIC        pulse_stop
  D:00E8H         PUBLIC        T168CON
  B:0088H.4       PUBLIC        TR0
  C:67E3H         PUBLIC        CalculateEnvelope
  C:788BH         PUBLIC        _t0_wait_keyin_chk
  B:00C8H.2       PUBLIC        TR2
  C:6367H         PUBLIC        _Check_Key_InSetmode
BL51 BANKED LINKER/LOCATER V6.22.2.0                                                  07/15/2022  09:34:05  PAGE 20


  C:767BH         PUBLIC        _device_Led_blink
  C:7A2FH         PUBLIC        my_newkeyincond
  D:00A7H         PUBLIC        RSTSRC
  D:00C0H         PUBLIC        IIC0CON
  C:382DH         PUBLIC        _FillBitStreamFromOutOrder
  C:445FH         PUBLIC        Send_UR_Ready
  C:708DH         PUBLIC        _Panasonic_TV_Check
  C:51BCH         PUBLIC        _LoadFormat
  C:7B6EH         PUBLIC        _SetMode_StartTimeOut
  C:59B7H         PUBLIC        send_ur
  C:7929H         PUBLIC        key_buf_old_clear
  C:60CAH         PUBLIC        Code_Read_Out
  C:72E0H         PUBLIC        _device_Led_InSetUp
  C:7961H         PUBLIC        getkey_simple
  D:00E1H         PUBLIC        CRTCON1
  C:75E6H         SYMBOL        L?0498
  -------         PROC          L?0497
  -------         ENDPROC       L?0497
  C:75E6H         SYMBOL        L?0498
  -------         PROC          _LOADSETNUMBER
  D:0001H         SYMBOL        p
  -------         DO            
  D:0006H         SYMBOL        value
  -------         ENDDO         
  C:760CH         LINE#         23
  C:760CH         LINE#         24
  C:760CH         LINE#         30
  C:7610H         LINE#         31
  C:7617H         LINE#         35
  C:7617H         LINE#         36
  -------         ENDPROC       _LOADSETNUMBER
  -------         PROC          _PANASONIC_TV_CHECK
  D:0007H         SYMBOL        device
  D:0031H         SYMBOL        set_no
  -------         DO            
  D:0033H         SYMBOL        rtrn
  D:0001H         SYMBOL        pAddr
  D:0034H         SYMBOL        pAddr2
  D:0006H         SYMBOL        bLongFrameNo
  -------         ENDDO         
  C:708DH         LINE#         38
  C:7091H         LINE#         39
  C:7091H         LINE#         40
  C:7094H         LINE#         49
  C:70A2H         LINE#         52
  C:70A5H         LINE#         57
  C:70B4H         LINE#         60
  C:70BFH         LINE#         62
  C:70BFH         LINE#         63
  C:70BFH         LINE#         64
  C:70C8H         LINE#         65
  C:70CCH         LINE#         66
  C:70CCH         LINE#         67
  C:70CEH         LINE#         68
  C:70D0H         LINE#         69
  C:70D0H         LINE#         71
  C:70D8H         LINE#         72
BL51 BANKED LINKER/LOCATER V6.22.2.0                                                  07/15/2022  09:34:05  PAGE 21


  C:70D8H         LINE#         73
  C:70DBH         LINE#         74
  C:70DDH         LINE#         75
  C:70DDH         LINE#         77
  C:70E8H         LINE#         78
  C:70EAH         LINE#         79
  C:70ECH         LINE#         80
  -------         ENDPROC       _PANASONIC_TV_CHECK
  -------         PROC          _SETMODE_STARTTIMEOUT
  D:0006H         SYMBOL        time
  C:7B6EH         LINE#         82
  C:7B6EH         LINE#         83
  C:7B6EH         LINE#         84
  C:7B76H         LINE#         85
  -------         ENDPROC       _SETMODE_STARTTIMEOUT
  -------         PROC          _TIMER0_AVSHIFTMODE_UPDATE
  D:0006H         SYMBOL        time
  C:7BB8H         LINE#         89
  C:7BB8H         LINE#         90
  C:7BB8H         LINE#         91
  C:7BC0H         LINE#         92
  -------         ENDPROC       _TIMER0_AVSHIFTMODE_UPDATE
  -------         PROC          _AVSHIFTMODE_STARTTIMEOUT
  D:0006H         SYMBOL        time
  C:7B79H         LINE#         94
  C:7B79H         LINE#         95
  C:7B79H         LINE#         96
  C:7B81H         LINE#         97
  -------         ENDPROC       _AVSHIFTMODE_STARTTIMEOUT
  -------         PROC          WBITSTREAM_CLEAR
  -------         DO            
  D:0032H         SYMBOL        bit_Clear
  -------         ENDDO         
  C:76DAH         LINE#         113
  C:76DAH         LINE#         114
  C:76DAH         LINE#         117
  C:76E3H         LINE#         119
  C:76F1H         LINE#         120
  C:76F1H         LINE#         121
  C:76FBH         LINE#         122
  C:7707H         LINE#         125
  -------         ENDPROC       WBITSTREAM_CLEAR
  -------         PROC          WDG_SYSTEMRESET
  C:7A97H         LINE#         127
  C:7A97H         LINE#         128
  C:7A97H         LINE#         129
  C:7A9AH         LINE#         131
  C:7A9DH         LINE#         139
  C:7AA4H         LINE#         140
  C:7AA8H         LINE#         142
  -------         ENDPROC       WDG_SYSTEMRESET
  -------         PROC          SW_SYSTEMRESET
  C:7BD7H         LINE#         145
  C:7BD7H         LINE#         146
  C:7BD7H         LINE#         147
  C:7BDAH         LINE#         148
  -------         ENDPROC       SW_SYSTEMRESET
BL51 BANKED LINKER/LOCATER V6.22.2.0                                                  07/15/2022  09:34:05  PAGE 22


  -------         PROC          _LOW_VOLTAGE_CHECK
  D:0007H         SYMBOL        lvi_key
  C:7406H         LINE#         154
  C:7406H         LINE#         155
  C:7406H         LINE#         158
  C:740BH         LINE#         160
  C:7413H         LINE#         161
  C:7413H         LINE#         162
  C:7413H         LINE#         163
  C:7419H         LINE#         164
  C:741BH         LINE#         165
  C:741BH         LINE#         166
  C:741BH         LINE#         167
  C:741BH         LINE#         168
  C:741BH         LINE#         169
  C:7420H         LINE#         170
  C:7422H         LINE#         171
  C:7422H         LINE#         172
  C:7428H         LINE#         173
  C:7428H         LINE#         174
  C:7428H         LINE#         176
  C:7430H         LINE#         177
  C:7430H         LINE#         178
  C:7433H         LINE#         179
  C:7435H         LINE#         181
  C:7435H         LINE#         182
  C:7438H         LINE#         183
  C:7438H         LINE#         185
  C:7445H         LINE#         186
  C:7448H         LINE#         187
  -------         ENDPROC       _LOW_VOLTAGE_CHECK
  -------         PROC          _DELAYBY10US
  D:0006H         SYMBOL        nCnt
  -------         DO            
  D:0004H         SYMBOL        i
  -------         ENDDO         
  C:6F08H         LINE#         190
  C:6F08H         LINE#         191
  C:6F08H         LINE#         192
  C:6F0BH         LINE#         209
  C:6F12H         LINE#         210
  C:6F12H         LINE#         212
  C:6F13H         LINE#         213
  C:6F14H         LINE#         214
  C:6F15H         LINE#         215
  C:6F16H         LINE#         216
  C:6F17H         LINE#         217
  C:6F18H         LINE#         218
  C:6F19H         LINE#         219
  C:6F1AH         LINE#         220
  C:6F1BH         LINE#         221
  C:6F1CH         LINE#         222
  C:6F1DH         LINE#         223
  C:6F1EH         LINE#         224
  C:6F1FH         LINE#         225
  C:6F20H         LINE#         226
  C:6F21H         LINE#         227
BL51 BANKED LINKER/LOCATER V6.22.2.0                                                  07/15/2022  09:34:05  PAGE 23


  C:6F22H         LINE#         228
  C:6F23H         LINE#         229
  C:6F24H         LINE#         230
  C:6F25H         LINE#         231
  C:6F26H         LINE#         232
  C:6F27H         LINE#         233
  C:6F28H         LINE#         234
  C:6F29H         LINE#         235
  C:6F2AH         LINE#         236
  C:6F2BH         LINE#         237
  C:6F2CH         LINE#         238
  C:6F2DH         LINE#         239
  C:6F2EH         LINE#         240
  C:6F2FH         LINE#         241
  C:6F30H         LINE#         242
  C:6F31H         LINE#         243
  C:6F32H         LINE#         244
  C:6F33H         LINE#         245
  C:6F34H         LINE#         246
  C:6F35H         LINE#         247
  C:6F36H         LINE#         248
  C:6F37H         LINE#         249
  C:6F38H         LINE#         250
  C:6F39H         LINE#         251
  C:6F3AH         LINE#         253
  C:6F3BH         LINE#         254
  C:6F3CH         LINE#         255
  C:6F3DH         LINE#         256
  C:6F3EH         LINE#         257
  C:6F3FH         LINE#         258
  C:6F40H         LINE#         259
  C:6F41H         LINE#         260
  C:6F42H         LINE#         261
  C:6F43H         LINE#         262
  C:6F44H         LINE#         263
  C:6F45H         LINE#         264
  C:6F46H         LINE#         265
  C:6F47H         LINE#         266
  C:6F48H         LINE#         267
  C:6F49H         LINE#         268
  C:6F4AH         LINE#         269
  C:6F4BH         LINE#         270
  C:6F4CH         LINE#         271
  C:6F4DH         LINE#         272
  C:6F4EH         LINE#         273
  C:6F4FH         LINE#         274
  C:6F50H         LINE#         275
  C:6F51H         LINE#         276
  C:6F52H         LINE#         277
  C:6F53H         LINE#         278
  C:6F54H         LINE#         279
  C:6F55H         LINE#         280
  C:6F56H         LINE#         281
  C:6F57H         LINE#         282
  C:6F58H         LINE#         283
  C:6F59H         LINE#         284
  C:6F5AH         LINE#         285
BL51 BANKED LINKER/LOCATER V6.22.2.0                                                  07/15/2022  09:34:05  PAGE 24


  C:6F5BH         LINE#         286
  C:6F5CH         LINE#         287
  C:6F5DH         LINE#         288
  C:6F5EH         LINE#         289
  C:6F5FH         LINE#         290
  C:6F60H         LINE#         291
  C:6F61H         LINE#         292
  C:6F62H         LINE#         294
  C:6F69H         LINE#         295
  -------         ENDPROC       _DELAYBY10US
  -------         PROC          _GETKEY
  D:0022H         SYMBOL        p
  -------         DO            
  D:0025H         SYMBOL        keysel
  D:0026H         SYMBOL        i
  D:0027H         SYMBOL        j
  D:0028H         SYMBOL        keydata
  -------         ENDDO         
  C:5C41H         LINE#         302
  C:5C47H         LINE#         303
  C:5C47H         LINE#         309
  C:5C55H         LINE#         310
  C:5C55H         LINE#         311
  C:5C66H         LINE#         312
  C:5C6AH         LINE#         315
  C:5C6FH         LINE#         318
  C:5C72H         LINE#         319
  C:5C75H         LINE#         321
  C:5C78H         LINE#         322
  C:5C7BH         LINE#         324
  C:5C8BH         LINE#         325
  C:5C8BH         LINE#         327
  C:5C92H         LINE#         330
  C:5C96H         LINE#         332
  C:5CA4H         LINE#         333
  C:5CA4H         LINE#         334
  C:5CB0H         LINE#         335
  C:5CB8H         LINE#         337
  C:5CD1H         LINE#         338
  C:5CD1H         LINE#         339
  C:5CF1H         LINE#         340
  C:5CF1H         LINE#         341
  C:5CF5H         LINE#         343
  C:5D03H         LINE#         345
  C:5D03H         LINE#         346
  C:5D06H         LINE#         347
  C:5D10H         LINE#         348
  C:5D21H         LINE#         350
  C:5D32H         LINE#         352
  C:5D38H         LINE#         353
  C:5D38H         LINE#         354
  C:5D3BH         LINE#         355
  C:5D3EH         LINE#         356
  C:5D41H         LINE#         357
  C:5D43H         LINE#         359
  C:5D49H         LINE#         360
  C:5D4BH         LINE#         361
BL51 BANKED LINKER/LOCATER V6.22.2.0                                                  07/15/2022  09:34:05  PAGE 25


  C:5D51H         LINE#         362
  C:5D51H         LINE#         363
  C:5D54H         LINE#         364
  C:5D57H         LINE#         365
  C:5D59H         LINE#         368
  C:5D5CH         LINE#         369
  C:5D61H         LINE#         372
  C:5D64H         LINE#         373
  C:5D67H         LINE#         375
  -------         ENDPROC       _GETKEY
  -------         PROC          KEY_BUF_OLD_CLEAR
  -------         DO            
  D:0007H         SYMBOL        i
  -------         ENDDO         
  C:7929H         LINE#         395
  C:7929H         LINE#         396
  C:7929H         LINE#         399
  C:7944H         LINE#         400
  -------         ENDPROC       KEY_BUF_OLD_CLEAR
  -------         PROC          GETKEY_SIMPLE
  C:7961H         LINE#         402
  C:7961H         LINE#         403
  C:7961H         LINE#         404
  C:7964H         LINE#         407
  C:7967H         LINE#         408
  C:796AH         LINE#         412
  C:7971H         LINE#         414
  C:7979H         LINE#         415
  C:797BH         LINE#         416
  -------         ENDPROC       GETKEY_SIMPLE
  -------         PROC          WAIT_GETKEY_SIMPLE
  C:7B56H         LINE#         422
  C:7B56H         LINE#         423
  C:7B56H         LINE#         424
  C:7B5CH         LINE#         425
  -------         ENDPROC       WAIT_GETKEY_SIMPLE
  -------         PROC          _CODECVT
  D:0029H         SYMBOL        pKey_buf
  -------         DO            
  D:002CH         SYMBOL        i
  D:0005H         SYMBOL        j
  D:0006H         SYMBOL        cpX_cvt
  -------         ENDDO         
  C:6C86H         LINE#         465
  C:6C8CH         LINE#         466
  C:6C8CH         LINE#         470
  C:6C90H         LINE#         472
  C:6CA0H         LINE#         474
  C:6CACH         LINE#         475
  C:6CACH         LINE#         476
  C:6CC1H         LINE#         477
  C:6CC6H         LINE#         478
  C:6CC9H         LINE#         480
  C:6CD5H         LINE#         481
  C:6CD5H         LINE#         482
  C:6CF1H         LINE#         483
  C:6CF4H         LINE#         484
BL51 BANKED LINKER/LOCATER V6.22.2.0                                                  07/15/2022  09:34:05  PAGE 26


  -------         ENDPROC       _CODECVT
  -------         PROC          GET_MAP_POINTER
  -------         DO            
  D:0047H         SYMBOL        i
  D:0007H         SYMBOL        idxKey
  -------         ENDDO         
  C:6E3AH         LINE#         489
  C:6E3AH         LINE#         490
  C:6E3AH         LINE#         492
  C:6E41H         LINE#         498
  C:6E4BH         LINE#         501
  C:6E5BH         LINE#         503
  C:6E72H         LINE#         504
  C:6E86H         LINE#         506
  C:6E96H         LINE#         507
  C:6E9BH         LINE#         509
  C:6E9FH         LINE#         511
  C:6EA1H         LINE#         512
  -------         ENDPROC       GET_MAP_POINTER
  -------         PROC          MY_SUB
  C:728FH         LINE#         517
  C:728FH         LINE#         518
  C:728FH         LINE#         519
  C:7295H         LINE#         522
  C:729CH         LINE#         523
  C:729CH         LINE#         524
  C:729FH         LINE#         526
  C:72A2H         LINE#         529
  C:72A7H         LINE#         532
  C:72ADH         LINE#         533
  C:72ADH         LINE#         535
  C:72B1H         LINE#         536
  C:72B5H         LINE#         537
  C:72BCH         LINE#         539
  C:72BCH         LINE#         541
  C:72CCH         LINE#         543
  C:72D2H         LINE#         547
  C:72D8H         LINE#         549
  C:72DCH         LINE#         558
  C:72DFH         LINE#         559
  C:72DFH         LINE#         560
  -------         ENDPROC       MY_SUB
  -------         PROC          MY_NEWKEYINCOND
  C:7A2FH         LINE#         563
  C:7A2FH         LINE#         564
  C:7A2FH         LINE#         565
  C:7A34H         LINE#         566
  C:7A3CH         LINE#         567
  C:7A44H         LINE#         569
  -------         ENDPROC       MY_NEWKEYINCOND
  -------         PROC          _TIMER0_65MS16_2_UPDATE
  D:0006H         SYMBOL        time
  C:7BC1H         LINE#         571
  C:7BC1H         LINE#         572
  C:7BC1H         LINE#         573
  C:7BC9H         LINE#         574
  -------         ENDPROC       _TIMER0_65MS16_2_UPDATE
BL51 BANKED LINKER/LOCATER V6.22.2.0                                                  07/15/2022  09:34:05  PAGE 27


  -------         PROC          _T0_WAIT
  D:0006H         SYMBOL        i
  C:7734H         LINE#         581
  C:7734H         LINE#         582
  C:7734H         LINE#         583
  C:7738H         LINE#         586
  C:773BH         LINE#         588
  C:7745H         LINE#         591
  C:7759H         LINE#         598
  C:775DH         LINE#         599
  -------         ENDPROC       _T0_WAIT
  -------         PROC          _T0_WAIT_KEYIN_CHK
  D:0006H         SYMBOL        i
  C:788BH         LINE#         601
  C:788BH         LINE#         602
  C:788BH         LINE#         603
  C:788EH         LINE#         605
  C:7898H         LINE#         606
  C:7898H         LINE#         607
  C:78A0H         LINE#         608
  C:78A0H         LINE#         609
  C:78A4H         LINE#         610
  C:78A7H         LINE#         611
  C:78A7H         LINE#         612
  C:78A7H         LINE#         613
  C:78ABH         LINE#         614
  C:78ADH         LINE#         615
  -------         ENDPROC       _T0_WAIT_KEYIN_CHK
  -------         PROC          CARRIER_SET
  -------         DO            
  D:0002H         SYMBOL        carrier
  D:0032H         SYMBOL        i
  -------         ENDDO         
  C:584EH         LINE#         617
  C:584EH         LINE#         618
  C:584EH         LINE#         622
  C:5856H         LINE#         623
  C:5859H         LINE#         626
  C:5863H         LINE#         632
  C:586CH         LINE#         633
  C:586CH         LINE#         634
  C:5872H         LINE#         635
  C:587AH         LINE#         636
  C:587CH         LINE#         638
  C:587CH         LINE#         640
  C:5882H         LINE#         641
  C:5890H         LINE#         646
  C:5890H         LINE#         660
  C:5898H         LINE#         661
  C:58A2H         LINE#         664
  C:58BCH         LINE#         667
  C:58E3H         LINE#         669
  C:5904H         LINE#         671
  C:5913H         LINE#         672
  C:5953H         LINE#         674
  C:596AH         LINE#         675
  C:5971H         LINE#         677
BL51 BANKED LINKER/LOCATER V6.22.2.0                                                  07/15/2022  09:34:05  PAGE 28


  C:5977H         LINE#         679
  C:597DH         LINE#         680
  C:5981H         LINE#         681
  C:5986H         LINE#         682
  C:598AH         LINE#         684
  C:5992H         LINE#         685
  C:59AAH         LINE#         687
  C:59ADH         LINE#         688
  C:59B2H         LINE#         689
  C:59B4H         LINE#         690
  -------         ENDPROC       CARRIER_SET
  -------         PROC          ENVELOPCARRIEROFF
  C:7AAAH         LINE#         693
  C:7AAAH         LINE#         694
  C:7AAAH         LINE#         695
  C:7AADH         LINE#         696
  C:7AB0H         LINE#         697
  C:7AB5H         LINE#         698
  C:7AB8H         LINE#         699
  C:7ABCH         LINE#         700
  -------         ENDPROC       ENVELOPCARRIEROFF
  -------         PROC          PULSE_STOP
  C:6F6AH         LINE#         705
  C:6F6AH         LINE#         706
  C:6F6AH         LINE#         707
  C:6F70H         LINE#         708
  C:6F70H         LINE#         709
  C:6FA4H         LINE#         711
  C:6FACH         LINE#         712
  C:6FACH         LINE#         713
  C:6FB3H         LINE#         716
  C:6FB6H         LINE#         719
  C:6FBBH         LINE#         720
  C:6FC1H         LINE#         721
  C:6FC5H         LINE#         722
  C:6FCAH         LINE#         723
  -------         ENDPROC       PULSE_STOP
  -------         PROC          CALCULATEENVELOPE
  -------         DO            
  D:0002H         SYMBOL        i
  D:0004H         SYMBOL        wBitStream
  -------         ENDDO         
  C:67E3H         LINE#         726
  C:67E3H         LINE#         727
  C:67E3H         LINE#         729
  C:67E6H         LINE#         731
  C:67F1H         LINE#         734
  C:67FEH         LINE#         737
  C:6801H         LINE#         738
  C:6801H         LINE#         740
  C:6810H         LINE#         741
  C:6810H         LINE#         742
  C:6810H         LINE#         743
  C:6812H         LINE#         745
  C:6812H         LINE#         746
  C:682AH         LINE#         749
  C:6836H         LINE#         751
BL51 BANKED LINKER/LOCATER V6.22.2.0                                                  07/15/2022  09:34:05  PAGE 29


  C:683FH         LINE#         752
  C:683FH         LINE#         755
  C:684EH         LINE#         756
  C:684EH         LINE#         757
  C:6866H         LINE#         758
  C:6866H         LINE#         759
  C:6866H         LINE#         760
  C:6866H         LINE#         761
  C:6875H         LINE#         762
  -------         ENDPROC       CALCULATEENVELOPE
  -------         PROC          SEND_UR
  -------         DO            
  D:0004H         SYMBOL        addAddr
  -------         ENDDO         
  C:59B7H         LINE#         768
  C:59B7H         LINE#         769
  C:59B7H         LINE#         780
  C:59BDH         LINE#         782
  C:59C0H         LINE#         787
  C:59D1H         LINE#         790
  C:59DCH         LINE#         791
  C:59DCH         LINE#         792
  C:59F2H         LINE#         793
  C:59F2H         LINE#         794
  C:59FBH         LINE#         795
  C:59FDH         LINE#         796
  C:59FDH         LINE#         800
  C:5A0BH         LINE#         801
  C:5A14H         LINE#         802
  C:5A21H         LINE#         803
  C:5A36H         LINE#         805
  C:5A4EH         LINE#         807
  C:5A6EH         LINE#         809
  C:5A6EH         LINE#         810
  C:5A71H         LINE#         812
  C:5A71H         LINE#         817
  C:5A7BH         LINE#         818
  C:5A83H         LINE#         819
  C:5A90H         LINE#         821
  C:5AA4H         LINE#         822
  C:5AA4H         LINE#         823
  C:5AB9H         LINE#         824
  C:5AB9H         LINE#         825
  C:5AC1H         LINE#         826
  C:5AC3H         LINE#         827
  C:5AC3H         LINE#         830
  C:5ACDH         LINE#         831
  C:5AD5H         LINE#         832
  C:5AE2H         LINE#         834
  C:5B03H         LINE#         836
  C:5B03H         LINE#         837
  C:5B09H         LINE#         839
  C:5B09H         LINE#         858
  C:5B0CH         LINE#         859
  -------         ENDPROC       SEND_UR
  -------         PROC          SEND_UR_READY
  -------         DO            
BL51 BANKED LINKER/LOCATER V6.22.2.0                                                  07/15/2022  09:34:05  PAGE 30


  D:0032H         SYMBOL        uWord12
  D:0034H         SYMBOL        ulIndex
  -------         ENDDO         
  C:445FH         LINE#         864
  C:445FH         LINE#         865
  C:445FH         LINE#         869
  C:4468H         LINE#         870
  C:4468H         LINE#         906
  C:4471H         LINE#         907
  C:4471H         LINE#         909
  C:4480H         LINE#         910
  C:4482H         LINE#         912
  C:4488H         LINE#         913
  C:4488H         LINE#         914
  C:448FH         LINE#         915
  C:4491H         LINE#         918
  C:4491H         LINE#         920
  C:449BH         LINE#         923
  C:44BCH         LINE#         924
  C:44DAH         LINE#         929
  C:44DAH         LINE#         933
  C:44E5H         LINE#         934
  C:44EDH         LINE#         938
  C:44F3H         LINE#         939
  C:44F3H         LINE#         940
  C:44F6H         LINE#         941
  C:44F8H         LINE#         944
  C:4500H         LINE#         945
  C:4502H         LINE#         947
  C:4502H         LINE#         949
  C:4508H         LINE#         950
  C:4508H         LINE#         951
  C:450BH         LINE#         952
  C:450DH         LINE#         955
  C:4522H         LINE#         956
  C:4522H         LINE#         959
  C:4529H         LINE#         962
  C:453CH         LINE#         964
  C:454EH         LINE#         966
  C:455BH         LINE#         969
  C:4564H         LINE#         970
  C:456EH         LINE#         973
  C:4578H         LINE#         974
  C:4578H         LINE#         975
  C:4594H         LINE#         976
  C:4594H         LINE#         978
  C:459EH         LINE#         979
  C:45C1H         LINE#         981
  C:45C8H         LINE#         982
  C:45D2H         LINE#         984
  C:45E4H         LINE#         985
  C:45E4H         LINE#         986
  C:45FEH         LINE#         987
  C:4608H         LINE#         988
  C:4618H         LINE#         989
  C:4618H         LINE#         991
  C:462AH         LINE#         992
BL51 BANKED LINKER/LOCATER V6.22.2.0                                                  07/15/2022  09:34:05  PAGE 31


  C:464AH         LINE#         994
  C:4654H         LINE#         995
  C:4654H         LINE#         996
  C:4678H         LINE#         998
  C:468AH         LINE#         999
  C:46AAH         LINE#         1001
  C:46B4H         LINE#         1002
  C:46D8H         LINE#         1004
  C:46DFH         LINE#         1005
  C:46E9H         LINE#         1007
  C:46FBH         LINE#         1008
  C:46FBH         LINE#         1009
  C:4715H         LINE#         1010
  C:471FH         LINE#         1011
  C:472FH         LINE#         1012
  C:472FH         LINE#         1014
  C:4748H         LINE#         1015
  C:4764H         LINE#         1016
  C:4766H         LINE#         1018
  C:4766H         LINE#         1019
  C:476DH         LINE#         1020
  C:477AH         LINE#         1021
  C:477AH         LINE#         1023
  C:4781H         LINE#         1024
  C:4781H         LINE#         1025
  C:4796H         LINE#         1026
  C:47B1H         LINE#         1028
  C:47E0H         LINE#         1030
  C:47EEH         LINE#         1031
  C:47EEH         LINE#         1032
  C:47FBH         LINE#         1033
  C:47FBH         LINE#         1034
  C:47FBH         LINE#         1035
  C:47FDH         LINE#         1036
  -------         ENDPROC       SEND_UR_READY
  -------         PROC          _SETBITSTREAMFROMNIBBLE
  D:004FH         SYMBOL        npWaddr
  D:0052H         SYMBOL        npbAddr
  D:0055H         SYMBOL        size
  D:0057H         SYMBOL        npWord12
  -------         DO            
  D:005AH         SYMBOL        i
  D:0006H         SYMBOL        j
  D:005CH         SYMBOL        bTemp
  D:005DH         SYMBOL        bTimePos
  -------         ENDDO         
  C:5B0DH         LINE#         1041
  C:5B13H         LINE#         1042
  C:5B13H         LINE#         1047
  C:5B1EH         LINE#         1049
  C:5B31H         LINE#         1050
  C:5B31H         LINE#         1051
  C:5B35H         LINE#         1052
  C:5B3BH         LINE#         1054
  C:5B4AH         LINE#         1056
  C:5B58H         LINE#         1057
  C:5B5BH         LINE#         1060
BL51 BANKED LINKER/LOCATER V6.22.2.0                                                  07/15/2022  09:34:05  PAGE 32


  C:5B64H         LINE#         1062
  C:5B69H         LINE#         1063
[...]
  N:00A4H         SYMBOL        _0A4H
  N:00A5H         SYMBOL        _0A5H
  N:00A6H         SYMBOL        _0A6H
  N:00A7H         SYMBOL        _0A7H
BL51 BANKED LINKER/LOCATER V6.22.2.0                                                  07/15/2022  09:34:05  PAGE 113


  N:00A8H         SYMBOL        _0A8H
  N:00A9H         SYMBOL        _0A9H
  N:00AAH         SYMBOL        _0AAH
  N:00ABH         SYMBOL        _0ABH
  N:00ACH         SYMBOL        _0ACH
  N:00ADH         SYMBOL        _0ADH
  N:00AEH         SYMBOL        _0AEH
  N:00AFH         SYMBOL        _0AFH
  N:00B0H         SYMBOL        _0B0H
  N:00B1H         SYMBOL        _0B1H
  N:00B2H         SYMBOL        _0B2H
  N:00B3H         SYMBOL        _0B3H
  N:00B4H         SYMBOL        _0B4H
  N:00B5H         SYMBOL        _0B5H
  N:00B6H         SYMBOL        _0B6H
  N:00B7H         SYMBOL        _0B7H
  N:00B8H         SYMBOL        _0B8H
  N:00B9H         SYMBOL        _0B9H
  N:00BAH         SYMBOL        _0BAH
  N:00BBH         SYMBOL        _0BBH
  N:00BCH         SYMBOL        _0BCH
  N:00BDH         SYMBOL        _0BDH
  N:00BEH         SYMBOL        _0BEH
  N:00BFH         SYMBOL        _0BFH
  N:00C0H         SYMBOL        _0C0H
  N:00C1H         SYMBOL        _0C1H
  N:00C2H         SYMBOL        _0C2H
  N:00C3H         SYMBOL        _0C3H
  N:00C4H         SYMBOL        _0C4H
  N:00C5H         SYMBOL        _0C5H
  N:00C6H         SYMBOL        _0C6H
  N:00C7H         SYMBOL        _0C7H
  N:00C8H         SYMBOL        _0C8H
  N:00C9H         SYMBOL        _0C9H
  N:00CAH         SYMBOL        _0CAH
  N:00CBH         SYMBOL        _0CBH
  N:00CCH         SYMBOL        _0CCH
  N:00CDH         SYMBOL        _0CDH
  N:00CEH         SYMBOL        _0CEH
  N:00CFH         SYMBOL        _0CFH
  N:00D0H         SYMBOL        _0D0H
  N:00D1H         SYMBOL        _0D1H
  N:00D2H         SYMBOL        _0D2H
  N:00D3H         SYMBOL        _0D3H
  N:00D4H         SYMBOL        _0D4H
  N:00D5H         SYMBOL        _0D5H
  N:00D6H         SYMBOL        _0D6H
  N:00D7H         SYMBOL        _0D7H
  N:00D8H         SYMBOL        _0D8H
  N:00D9H         SYMBOL        _0D9H
  N:00DAH         SYMBOL        _0DAH
  N:00DBH         SYMBOL        _0DBH
  N:00DCH         SYMBOL        _0DCH
  N:00DDH         SYMBOL        _0DDH
  N:00DEH         SYMBOL        _0DEH
  N:00DFH         SYMBOL        _0DFH
  N:00E0H         SYMBOL        _0E0H
BL51 BANKED LINKER/LOCATER V6.22.2.0                                                  07/15/2022  09:34:05  PAGE 114


  N:00E1H         SYMBOL        _0E1H
  N:00E2H         SYMBOL        _0E2H
  N:00E3H         SYMBOL        _0E3H
  N:00E4H         SYMBOL        _0E4H
  N:00E5H         SYMBOL        _0E5H
  N:00E6H         SYMBOL        _0E6H
  N:00E7H         SYMBOL        _0E7H
  N:00E8H         SYMBOL        _0E8H
  N:00E9H         SYMBOL        _0E9H
  N:00EAH         SYMBOL        _0EAH
  N:00EBH         SYMBOL        _0EBH
  N:00ECH         SYMBOL        _0ECH
  N:00EDH         SYMBOL        _0EDH
  N:00EEH         SYMBOL        _0EEH
  N:00EFH         SYMBOL        _0EFH
  N:00F0H         SYMBOL        _0F0H
  N:00F1H         SYMBOL        _0F1H
  N:00F2H         SYMBOL        _0F2H
  N:00F3H         SYMBOL        _0F3H
  N:00F4H         SYMBOL        _0F4H
  N:00F5H         SYMBOL        _0F5H
  N:00F6H         SYMBOL        _0F6H
  N:00F7H         SYMBOL        _0F7H
  N:00F8H         SYMBOL        _0F8H
  N:00F9H         SYMBOL        _0F9H
  N:00FAH         SYMBOL        _0FAH
  N:00FBH         SYMBOL        _0FBH
  N:00FCH         SYMBOL        _0FCH
  N:00FDH         SYMBOL        _0FDH
  N:00FEH         SYMBOL        _0FEH
  N:00FFH         SYMBOL        _0FFH
  N:0080H         SYMBOL        _10000000B
  N:0081H         SYMBOL        _10000001B
  N:0082H         SYMBOL        _10000010B
  N:0083H         SYMBOL        _10000011B
  N:0084H         SYMBOL        _10000100B
  N:0085H         SYMBOL        _10000101B
  N:0086H         SYMBOL        _10000110B
  N:0087H         SYMBOL        _10000111B
  N:0088H         SYMBOL        _10001000B
  N:0089H         SYMBOL        _10001001B
  N:008AH         SYMBOL        _10001010B
  N:008BH         SYMBOL        _10001011B
  N:008CH         SYMBOL        _10001100B
  N:008DH         SYMBOL        _10001101B
  N:008EH         SYMBOL        _10001110B
  N:008FH         SYMBOL        _10001111B
  N:0080H         SYMBOL        _1000_0000B
  N:0081H         SYMBOL        _1000_0001B
  N:0082H         SYMBOL        _1000_0010B
  N:0083H         SYMBOL        _1000_0011B
  N:0084H         SYMBOL        _1000_0100B
  N:0085H         SYMBOL        _1000_0101B
  N:0086H         SYMBOL        _1000_0110B
  N:0087H         SYMBOL        _1000_0111B
  N:0088H         SYMBOL        _1000_1000B
  N:0089H         SYMBOL        _1000_1001B
BL51 BANKED LINKER/LOCATER V6.22.2.0                                                  07/15/2022  09:34:05  PAGE 115


  N:008AH         SYMBOL        _1000_1010B
  N:008BH         SYMBOL        _1000_1011B
  N:008CH         SYMBOL        _1000_1100B
  N:008DH         SYMBOL        _1000_1101B
  N:008EH         SYMBOL        _1000_1110B
  N:008FH         SYMBOL        _1000_1111B
  N:0090H         SYMBOL        _10010000B
  N:0091H         SYMBOL        _10010001B
  N:0092H         SYMBOL        _10010010B
  N:0093H         SYMBOL        _10010011B
  N:0094H         SYMBOL        _10010100B
  N:0095H         SYMBOL        _10010101B
  N:0096H         SYMBOL        _10010110B
  N:0097H         SYMBOL        _10010111B
  N:0098H         SYMBOL        _10011000B
  N:0099H         SYMBOL        _10011001B
  N:009AH         SYMBOL        _10011010B
  N:009BH         SYMBOL        _10011011B
  N:009CH         SYMBOL        _10011100B
  N:009DH         SYMBOL        _10011101B
  N:009EH         SYMBOL        _10011110B
  N:009FH         SYMBOL        _10011111B
  N:0090H         SYMBOL        _1001_0000B
  N:0091H         SYMBOL        _1001_0001B
  N:0092H         SYMBOL        _1001_0010B
  N:0093H         SYMBOL        _1001_0011B
  N:0094H         SYMBOL        _1001_0100B
  N:0095H         SYMBOL        _1001_0101B
  N:0096H         SYMBOL        _1001_0110B
  N:0097H         SYMBOL        _1001_0111B
  N:0098H         SYMBOL        _1001_1000B
  N:0099H         SYMBOL        _1001_1001B
  N:009AH         SYMBOL        _1001_1010B
  N:009BH         SYMBOL        _1001_1011B
  N:009CH         SYMBOL        _1001_1100B
  N:009DH         SYMBOL        _1001_1101B
  N:009EH         SYMBOL        _1001_1110B
  N:009FH         SYMBOL        _1001_1111B
  N:00A0H         SYMBOL        _10100000B
  N:00A1H         SYMBOL        _10100001B
  N:00A2H         SYMBOL        _10100010B
  N:00A3H         SYMBOL        _10100011B
  N:00A4H         SYMBOL        _10100100B
  N:00A5H         SYMBOL        _10100101B
  N:00A6H         SYMBOL        _10100110B
  N:00A7H         SYMBOL        _10100111B
  N:00A8H         SYMBOL        _10101000B
  N:00A9H         SYMBOL        _10101001B
  N:00AAH         SYMBOL        _10101010B
  N:00ABH         SYMBOL        _10101011B
  N:00ACH         SYMBOL        _10101100B
  N:00ADH         SYMBOL        _10101101B
  N:00AEH         SYMBOL        _10101110B
  N:00AFH         SYMBOL        _10101111B
  N:00A0H         SYMBOL        _1010_0000B
  N:00A1H         SYMBOL        _1010_0001B
  N:00A2H         SYMBOL        _1010_0010B
BL51 BANKED LINKER/LOCATER V6.22.2.0                                                  07/15/2022  09:34:05  PAGE 116


  N:00A3H         SYMBOL        _1010_0011B
  N:00A4H         SYMBOL        _1010_0100B
  N:00A5H         SYMBOL        _1010_0101B
  N:00A6H         SYMBOL        _1010_0110B
  N:00A7H         SYMBOL        _1010_0111B
  N:00A8H         SYMBOL        _1010_1000B
  N:00A9H         SYMBOL        _1010_1001B
  N:00AAH         SYMBOL        _1010_1010B
  N:00ABH         SYMBOL        _1010_1011B
  N:00ACH         SYMBOL        _1010_1100B
  N:00ADH         SYMBOL        _1010_1101B
  N:00AEH         SYMBOL        _1010_1110B
  N:00AFH         SYMBOL        _1010_1111B
  N:00B0H         SYMBOL        _10110000B
  N:00B1H         SYMBOL        _10110001B
  N:00B2H         SYMBOL        _10110010B
  N:00B3H         SYMBOL        _10110011B
  N:00B4H         SYMBOL        _10110100B
  N:00B5H         SYMBOL        _10110101B
  N:00B6H         SYMBOL        _10110110B
  N:00B7H         SYMBOL        _10110111B
  N:00B8H         SYMBOL        _10111000B
  N:00B9H         SYMBOL        _10111001B
  N:00BAH         SYMBOL        _10111010B
  N:00BBH         SYMBOL        _10111011B
  N:00BCH         SYMBOL        _10111100B
  N:00BDH         SYMBOL        _10111101B
  N:00BEH         SYMBOL        _10111110B
  N:00BFH         SYMBOL        _10111111B
  N:00B0H         SYMBOL        _1011_0000B
  N:00B1H         SYMBOL        _1011_0001B
  N:00B2H         SYMBOL        _1011_0010B
  N:00B3H         SYMBOL        _1011_0011B
  N:00B4H         SYMBOL        _1011_0100B
  N:00B5H         SYMBOL        _1011_0101B
  N:00B6H         SYMBOL        _1011_0110B
  N:00B7H         SYMBOL        _1011_0111B
  N:00B8H         SYMBOL        _1011_1000B
  N:00B9H         SYMBOL        _1011_1001B
  N:00BAH         SYMBOL        _1011_1010B
  N:00BBH         SYMBOL        _1011_1011B
  N:00BCH         SYMBOL        _1011_1100B
  N:00BDH         SYMBOL        _1011_1101B
  N:00BEH         SYMBOL        _1011_1110B
  N:00BFH         SYMBOL        _1011_1111B
  N:0002H         SYMBOL        _10B
  N:00C0H         SYMBOL        _11000000B
  N:00C1H         SYMBOL        _11000001B
  N:00C2H         SYMBOL        _11000010B
  N:00C3H         SYMBOL        _11000011B
  N:00C4H         SYMBOL        _11000100B
  N:00C5H         SYMBOL        _11000101B
  N:00C6H         SYMBOL        _11000110B
  N:00C7H         SYMBOL        _11000111B
  N:00C8H         SYMBOL        _11001000B
  N:00C9H         SYMBOL        _11001001B
  N:00CAH         SYMBOL        _11001010B
BL51 BANKED LINKER/LOCATER V6.22.2.0                                                  07/15/2022  09:34:05  PAGE 117


  N:00CBH         SYMBOL        _11001011B
  N:00CCH         SYMBOL        _11001100B
  N:00CDH         SYMBOL        _11001101B
  N:00CEH         SYMBOL        _11001110B
  N:00CFH         SYMBOL        _11001111B
  N:00C0H         SYMBOL        _1100_0000B
  N:00C1H         SYMBOL        _1100_0001B
  N:00C2H         SYMBOL        _1100_0010B
  N:00C3H         SYMBOL        _1100_0011B
  N:00C4H         SYMBOL        _1100_0100B
  N:00C5H         SYMBOL        _1100_0101B
  N:00C6H         SYMBOL        _1100_0110B
  N:00C7H         SYMBOL        _1100_0111B
  N:00C8H         SYMBOL        _1100_1000B
  N:00C9H         SYMBOL        _1100_1001B
  N:00CAH         SYMBOL        _1100_1010B
  N:00CBH         SYMBOL        _1100_1011B
  N:00CCH         SYMBOL        _1100_1100B
  N:00CDH         SYMBOL        _1100_1101B
  N:00CEH         SYMBOL        _1100_1110B
  N:00CFH         SYMBOL        _1100_1111B
  N:00D0H         SYMBOL        _11010000B
  N:00D1H         SYMBOL        _11010001B
  N:00D2H         SYMBOL        _11010010B
  N:00D3H         SYMBOL        _11010011B
  N:00D4H         SYMBOL        _11010100B
  N:00D5H         SYMBOL        _11010101B
  N:00D6H         SYMBOL        _11010110B
  N:00D7H         SYMBOL        _11010111B
  N:00D8H         SYMBOL        _11011000B
  N:00D9H         SYMBOL        _11011001B
  N:00DAH         SYMBOL        _11011010B
  N:00DBH         SYMBOL        _11011011B
  N:00DCH         SYMBOL        _11011100B
  N:00DDH         SYMBOL        _11011101B
  N:00DEH         SYMBOL        _11011110B
  N:00DFH         SYMBOL        _11011111B
  N:00D0H         SYMBOL        _1101_0000B
  N:00D1H         SYMBOL        _1101_0001B
  N:00D2H         SYMBOL        _1101_0010B
  N:00D3H         SYMBOL        _1101_0011B
  N:00D4H         SYMBOL        _1101_0100B
  N:00D5H         SYMBOL        _1101_0101B
  N:00D6H         SYMBOL        _1101_0110B
  N:00D7H         SYMBOL        _1101_0111B
  N:00D8H         SYMBOL        _1101_1000B
  N:00D9H         SYMBOL        _1101_1001B
  N:00DAH         SYMBOL        _1101_1010B
  N:00DBH         SYMBOL        _1101_1011B
  N:00DCH         SYMBOL        _1101_1100B
  N:00DDH         SYMBOL        _1101_1101B
  N:00DEH         SYMBOL        _1101_1110B
  N:00DFH         SYMBOL        _1101_1111B
  N:00E0H         SYMBOL        _11100000B
  N:00E1H         SYMBOL        _11100001B
  N:00E2H         SYMBOL        _11100010B
  N:00E3H         SYMBOL        _11100011B
BL51 BANKED LINKER/LOCATER V6.22.2.0                                                  07/15/2022  09:34:05  PAGE 118


  N:00E4H         SYMBOL        _11100100B
  N:00E5H         SYMBOL        _11100101B
  N:00E6H         SYMBOL        _11100110B
  N:00E7H         SYMBOL        _11100111B
  N:00E8H         SYMBOL        _11101000B
  N:00E9H         SYMBOL        _11101001B
  N:00EAH         SYMBOL        _11101010B
  N:00EBH         SYMBOL        _11101011B
  N:00ECH         SYMBOL        _11101100B
  N:00EDH         SYMBOL        _11101101B
  N:00EEH         SYMBOL        _11101110B
  N:00EFH         SYMBOL        _11101111B
  N:00E0H         SYMBOL        _1110_0000B
  N:00E1H         SYMBOL        _1110_0001B
  N:00E2H         SYMBOL        _1110_0010B
  N:00E3H         SYMBOL        _1110_0011B
  N:00E4H         SYMBOL        _1110_0100B
  N:00E5H         SYMBOL        _1110_0101B
  N:00E6H         SYMBOL        _1110_0110B
  N:00E7H         SYMBOL        _1110_0111B
  N:00E8H         SYMBOL        _1110_1000B
  N:00E9H         SYMBOL        _1110_1001B
  N:00EAH         SYMBOL        _1110_1010B
  N:00EBH         SYMBOL        _1110_1011B
  N:00ECH         SYMBOL        _1110_1100B
  N:00EDH         SYMBOL        _1110_1101B
  N:00EEH         SYMBOL        _1110_1110B
  N:00EFH         SYMBOL        _1110_1111B
  N:00F0H         SYMBOL        _11110000B
  N:00F1H         SYMBOL        _11110001B
  N:00F2H         SYMBOL        _11110010B
  N:00F3H         SYMBOL        _11110011B
  N:00F4H         SYMBOL        _11110100B
  N:00F5H         SYMBOL        _11110101B
  N:00F6H         SYMBOL        _11110110B
  N:00F7H         SYMBOL        _11110111B
  N:00F8H         SYMBOL        _11111000B
  N:00F9H         SYMBOL        _11111001B
  N:00FAH         SYMBOL        _11111010B
  N:00FBH         SYMBOL        _11111011B
  N:00FCH         SYMBOL        _11111100B
  N:00FDH         SYMBOL        _11111101B
  N:00FEH         SYMBOL        _11111110B
  N:00FFH         SYMBOL        _11111111B
  N:00F0H         SYMBOL        _1111_0000B
  N:00F1H         SYMBOL        _1111_0001B
  N:00F2H         SYMBOL        _1111_0010B
  N:00F3H         SYMBOL        _1111_0011B
  N:00F4H         SYMBOL        _1111_0100B
  N:00F5H         SYMBOL        _1111_0101B
  N:00F6H         SYMBOL        _1111_0110B
  N:00F7H         SYMBOL        _1111_0111B
  N:00F8H         SYMBOL        _1111_1000B
  N:00F9H         SYMBOL        _1111_1001B
  N:00FAH         SYMBOL        _1111_1010B
  N:00FBH         SYMBOL        _1111_1011B
  N:00FCH         SYMBOL        _1111_1100B
BL51 BANKED LINKER/LOCATER V6.22.2.0                                                  07/15/2022  09:34:05  PAGE 119


  N:00FDH         SYMBOL        _1111_1101B
  N:00FEH         SYMBOL        _1111_1110B
  N:00FFH         SYMBOL        _1111_1111B
  N:0003H         SYMBOL        _11B
  -------         ENDMOD        DATA

  -------         MODULE        ?C?CLDPTR
  C:408AH         PUBLIC        ?C?CLDPTR
  -------         ENDMOD        ?C?CLDPTR

  -------         MODULE        ?C?CLDOPTR
  C:40A3H         PUBLIC        ?C?CLDOPTR
  -------         ENDMOD        ?C?CLDOPTR

  -------         MODULE        ?C?CSTPTR
  C:40D0H         PUBLIC        ?C?CSTPTR
  -------         ENDMOD        ?C?CSTPTR

  -------         MODULE        ?C?CSTOPTR
  C:40E2H         PUBLIC        ?C?CSTOPTR
  -------         ENDMOD        ?C?CSTOPTR

  -------         MODULE        ?C?IMUL
  C:4104H         PUBLIC        ?C?IMUL
  -------         ENDMOD        ?C?IMUL

  -------         MODULE        ?C?UIDIV
  C:4116H         PUBLIC        ?C?UIDIV
  -------         ENDMOD        ?C?UIDIV

  -------         MODULE        ?C?SIDIV
  C:416BH         PUBLIC        ?C?SIDIV
  -------         ENDMOD        ?C?SIDIV

  -------         MODULE        ?C?IILDX
  C:41A1H         PUBLIC        ?C?IILDX
  -------         ENDMOD        ?C?IILDX

  -------         MODULE        ?C?ILDPTR
  C:41B7H         PUBLIC        ?C?ILDPTR
  -------         ENDMOD        ?C?ILDPTR

  -------         MODULE        ?C?IILDPTR
  C:41E2H         PUBLIC        ?C?IILDPTR
  -------         ENDMOD        ?C?IILDPTR

  -------         MODULE        ?C?ISTPTR
  C:421AH         PUBLIC        ?C?ISTPTR
  -------         ENDMOD        ?C?ISTPTR

  -------         MODULE        ?C?LMUL
  C:4239H         PUBLIC        ?C?LMUL
  -------         ENDMOD        ?C?LMUL

  -------         MODULE        ?C?ULDIV
  C:42C4H         PUBLIC        ?C?ULDIV
  -------         ENDMOD        ?C?ULDIV
BL51 BANKED LINKER/LOCATER V6.22.2.0                                                  07/15/2022  09:34:05  PAGE 120



  -------         MODULE        ?C?ULCMP
  C:4356H         PUBLIC        ?C?ULCMP
  -------         ENDMOD        ?C?ULCMP

  -------         MODULE        ?C?ULSHR
  C:4367H         PUBLIC        ?C?ULSHR
  -------         ENDMOD        ?C?ULSHR

  -------         MODULE        ?C?LSHL
  C:437AH         PUBLIC        ?C?LSHL
  -------         ENDMOD        ?C?LSHL

  -------         MODULE        ?C?LLDPTR
  C:438DH         PUBLIC        ?C?LLDPTR
  -------         ENDMOD        ?C?LLDPTR

  -------         MODULE        ?C?LSTPTR
  C:43ADH         PUBLIC        ?C?LSTPTR
  -------         ENDMOD        ?C?LSTPTR

  -------         MODULE        ?C?LSTXDATA
  C:43C7H         PUBLIC        ?C?LSTXDATA
  -------         ENDMOD        ?C?LSTXDATA

  -------         MODULE        ?C?LCASE
  C:43D3H         PUBLIC        ?C?LCASE
  -------         ENDMOD        ?C?LCASE

  -------         MODULE        ?C?ICALL
  C:440DH         PUBLIC        ?C?ICALL
  C:4411H         PUBLIC        ?C?ICALL2
  -------         ENDMOD        ?C?ICALL

  -------         MODULE        ?C?LLDIDATA
  C:4413H         PUBLIC        ?C?LLDIDATA
  -------         ENDMOD        ?C?LLDIDATA

  -------         MODULE        ?C?LLDXDATA
  C:441FH         PUBLIC        ?C?LLDXDATA
  -------         ENDMOD        ?C?LLDXDATA

  -------         MODULE        ?C?LLDPDATA
  C:442BH         PUBLIC        ?C?LLDPDATA
  -------         ENDMOD        ?C?LLDPDATA

  -------         MODULE        ?C?LLDCODE
  C:4437H         PUBLIC        ?C?LLDCODE
  -------         ENDMOD        ?C?LLDCODE

  -------         MODULE        ?C?LSTIDATA
  C:4447H         PUBLIC        ?C?LSTIDATA
  -------         ENDMOD        ?C?LSTIDATA

  -------         MODULE        ?C?LSTPDATA
  C:4453H         PUBLIC        ?C?LSTPDATA
  -------         ENDMOD        ?C?LSTPDATA
BL51 BANKED LINKER/LOCATER V6.22.2.0                                                  07/15/2022  09:34:05  PAGE 121



*** WARNING L13: RECURSIVE CALL TO SEGMENT
    SEGMENT: ?CO?ROM
    CALLER:  ?PR?GET_MAP_POINTER?COMMON

*** WARNING L13: RECURSIVE CALL TO SEGMENT
    SEGMENT: ?CO?ROM
    CALLER:  ?PR?_LOADCUSTDATAWITHFORMAT?COMMON

*** WARNING L13: RECURSIVE CALL TO SEGMENT
    SEGMENT: ?CO?ROM
    CALLER:  ?PR?SEND_UR_READY?COMMON

*** WARNING L13: RECURSIVE CALL TO SEGMENT
    SEGMENT: ?PR?_GETKEY?COMMON
    CALLER:  ?PR?GETSAMEKEY_WAIT?FUNCTION_KEY

*** WARNING L13: RECURSIVE CALL TO SEGMENT
    SEGMENT: ?PR?_GETKEY?COMMON
    CALLER:  ?PR?_PULSEOUT_ABOVE_NFRAME?FUNCTION_KEY

Program Size: data=131.2 xdata=767 code=31879
LINK/LOCATE RUN COMPLETE.  5 WARNING(S),  0 ERROR(S)
